Archive member included to satisfy reference by file (symbol)

/usr/bin/../lib/gcc/arm-none-eabi/7.3.1/../../../../arm-none-eabi/lib/thumb/v7e-m/fpv4-sp/hard/libc.a(lib_a-abs.o)
                              _build/kobukiActuator.o (abs)
/usr/bin/../lib/gcc/arm-none-eabi/7.3.1/../../../../arm-none-eabi/lib/thumb/v7e-m/fpv4-sp/hard/libc.a(lib_a-exit.o)
                              /usr/bin/../lib/gcc/arm-none-eabi/7.3.1/../../../../arm-none-eabi/lib/thumb/v7e-m/fpv4-sp/hard/crt0.o (exit)
/usr/bin/../lib/gcc/arm-none-eabi/7.3.1/../../../../arm-none-eabi/lib/thumb/v7e-m/fpv4-sp/hard/libc.a(lib_a-impure.o)
                              /usr/bin/../lib/gcc/arm-none-eabi/7.3.1/../../../../arm-none-eabi/lib/thumb/v7e-m/fpv4-sp/hard/libc.a(lib_a-exit.o) (_global_impure_ptr)
/usr/bin/../lib/gcc/arm-none-eabi/7.3.1/../../../../arm-none-eabi/lib/thumb/v7e-m/fpv4-sp/hard/libc.a(lib_a-init.o)
                              /usr/bin/../lib/gcc/arm-none-eabi/7.3.1/../../../../arm-none-eabi/lib/thumb/v7e-m/fpv4-sp/hard/crt0.o (__libc_init_array)
/usr/bin/../lib/gcc/arm-none-eabi/7.3.1/../../../../arm-none-eabi/lib/thumb/v7e-m/fpv4-sp/hard/libc.a(lib_a-locale.o)
                              _build/nrf_log_str_formatter.o (__locale_ctype_ptr)
/usr/bin/../lib/gcc/arm-none-eabi/7.3.1/../../../../arm-none-eabi/lib/thumb/v7e-m/fpv4-sp/hard/libc.a(lib_a-mbtowc_r.o)
                              /usr/bin/../lib/gcc/arm-none-eabi/7.3.1/../../../../arm-none-eabi/lib/thumb/v7e-m/fpv4-sp/hard/libc.a(lib_a-locale.o) (__ascii_mbtowc)
/usr/bin/../lib/gcc/arm-none-eabi/7.3.1/../../../../arm-none-eabi/lib/thumb/v7e-m/fpv4-sp/hard/libc.a(lib_a-memcmp.o)
                              _build/nrf_twi_mngr.o (memcmp)
/usr/bin/../lib/gcc/arm-none-eabi/7.3.1/../../../../arm-none-eabi/lib/thumb/v7e-m/fpv4-sp/hard/libc.a(lib_a-memcpy.o)
                              _build/kobukiUART.o (memcpy)
/usr/bin/../lib/gcc/arm-none-eabi/7.3.1/../../../../arm-none-eabi/lib/thumb/v7e-m/fpv4-sp/hard/libc.a(lib_a-memset.o)
                              /usr/bin/../lib/gcc/arm-none-eabi/7.3.1/../../../../arm-none-eabi/lib/thumb/v7e-m/fpv4-sp/hard/crt0.o (memset)
/usr/bin/../lib/gcc/arm-none-eabi/7.3.1/../../../../arm-none-eabi/lib/thumb/v7e-m/fpv4-sp/hard/libc.a(lib_a-printf.o)
                              _build/kobukiUART.o (printf)
/usr/bin/../lib/gcc/arm-none-eabi/7.3.1/../../../../arm-none-eabi/lib/thumb/v7e-m/fpv4-sp/hard/libc.a(lib_a-setbuf.o)
                              _build/before_startup.o (setbuf)
/usr/bin/../lib/gcc/arm-none-eabi/7.3.1/../../../../arm-none-eabi/lib/thumb/v7e-m/fpv4-sp/hard/libc.a(lib_a-setvbuf.o)
                              /usr/bin/../lib/gcc/arm-none-eabi/7.3.1/../../../../arm-none-eabi/lib/thumb/v7e-m/fpv4-sp/hard/libc.a(lib_a-setbuf.o) (setvbuf)
/usr/bin/../lib/gcc/arm-none-eabi/7.3.1/../../../../arm-none-eabi/lib/thumb/v7e-m/fpv4-sp/hard/libc.a(lib_a-strcmp.o)
                              /usr/bin/../lib/gcc/arm-none-eabi/7.3.1/../../../../arm-none-eabi/lib/thumb/v7e-m/fpv4-sp/hard/libc.a(lib_a-locale.o) (strcmp)
/usr/bin/../lib/gcc/arm-none-eabi/7.3.1/../../../../arm-none-eabi/lib/thumb/v7e-m/fpv4-sp/hard/libc.a(lib_a-strcpy.o)
                              _build/SEGGER_RTT.o (strcpy)
/usr/bin/../lib/gcc/arm-none-eabi/7.3.1/../../../../arm-none-eabi/lib/thumb/v7e-m/fpv4-sp/hard/libc.a(lib_a-strlen.o)
                              _build/display.o (strlen)
/usr/bin/../lib/gcc/arm-none-eabi/7.3.1/../../../../arm-none-eabi/lib/thumb/v7e-m/fpv4-sp/hard/libc.a(lib_a-vfprintf.o)
                              /usr/bin/../lib/gcc/arm-none-eabi/7.3.1/../../../../arm-none-eabi/lib/thumb/v7e-m/fpv4-sp/hard/libc.a(lib_a-printf.o) (_vfprintf_r)
/usr/bin/../lib/gcc/arm-none-eabi/7.3.1/../../../../arm-none-eabi/lib/thumb/v7e-m/fpv4-sp/hard/libc.a(lib_a-vsnprintf.o)
                              _build/simple_logger.o (vsnprintf)
/usr/bin/../lib/gcc/arm-none-eabi/7.3.1/../../../../arm-none-eabi/lib/thumb/v7e-m/fpv4-sp/hard/libc.a(lib_a-wctomb_r.o)
                              /usr/bin/../lib/gcc/arm-none-eabi/7.3.1/../../../../arm-none-eabi/lib/thumb/v7e-m/fpv4-sp/hard/libc.a(lib_a-locale.o) (__ascii_wctomb)
/usr/bin/../lib/gcc/arm-none-eabi/7.3.1/../../../../arm-none-eabi/lib/thumb/v7e-m/fpv4-sp/hard/libc.a(lib_a-wsetup.o)
                              /usr/bin/../lib/gcc/arm-none-eabi/7.3.1/../../../../arm-none-eabi/lib/thumb/v7e-m/fpv4-sp/hard/libc.a(lib_a-vfprintf.o) (__swsetup_r)
/usr/bin/../lib/gcc/arm-none-eabi/7.3.1/../../../../arm-none-eabi/lib/thumb/v7e-m/fpv4-sp/hard/libc.a(lib_a-__call_atexit.o)
                              /usr/bin/../lib/gcc/arm-none-eabi/7.3.1/../../../../arm-none-eabi/lib/thumb/v7e-m/fpv4-sp/hard/libc.a(lib_a-exit.o) (__call_exitprocs)
/usr/bin/../lib/gcc/arm-none-eabi/7.3.1/../../../../arm-none-eabi/lib/thumb/v7e-m/fpv4-sp/hard/libc.a(lib_a-atexit.o)
[...]
Memory Configuration

Name             Origin             Length             Attributes
FLASH            0x0000000000026000 0x0000000000059000 xr
RAM              0x00000000200098a8 0x0000000000006758 xrw
bootloader_settings_page 0x000000000007f000 0x0000000000001000 r
uicr_bootloader_start_address 0x0000000010001014 0x0000000000000004 r
*default*        0x0000000000000000 0xffffffffffffffff

Linker script and memory map


.text           0x0000000000026000     0xb2f8
 *(.isr_vector)
 .isr_vector    0x0000000000026000      0x200 _build/gcc_startup_nrf52.os
                0x0000000000026000                __isr_vector
 *(.text*)
 .text          0x0000000000026200       0x40 /usr/bin/../lib/gcc/arm-none-eabi/7.3.1/thumb/v7e-m/fpv4-sp/hard/crtbegin.o
 .text          0x0000000000026240       0x74 /usr/bin/../lib/gcc/arm-none-eabi/7.3.1/../../../../arm-none-eabi/lib/thumb/v7e-m/fpv4-sp/hard/crt0.o
                0x0000000000026240                _mainCRTStartup
                0x0000000000026240                _start
 .text.pwm_ready_handler
                0x00000000000262b4        0xc _build/main.o
                0x00000000000262b4                pwm_ready_handler
 .text.nrf_delay_ms.part.0.constprop.3
                0x00000000000262c0       0x1c _build/main.o
 .text.startup.main
                0x00000000000262dc       0xf4 _build/main.o
                0x00000000000262dc                main
 .text.nrf_delay_ms.part.0
                0x00000000000263d0       0x1c _build/better_error_handling.o
 .text.app_error_fault_handler
                0x00000000000263ec      0x128 _build/better_error_handling.o
                0x00000000000263ec                app_error_fault_handler
 .text.HardFault_process
                0x0000000000026514       0x9a _build/better_error_handling.o
                0x0000000000026514                HardFault_process
 .text._GetAvailWriteSpace
                0x00000000000265ae       0x1c _build/SEGGER_RTT.o
 .text._WriteNoCheck
                0x00000000000265ca       0x3a _build/SEGGER_RTT.o
 .text._WriteBlocking
                0x0000000000026604       0x52 _build/SEGGER_RTT.o
 *fill*         0x0000000000026656        0x2 
 .text._DoInit  0x0000000000026658       0x60 _build/SEGGER_RTT.o
 .text.SEGGER_RTT_WriteNoLock
                0x00000000000266b8       0x68 _build/SEGGER_RTT.o
                0x00000000000266b8                SEGGER_RTT_WriteNoLock
 .text.SEGGER_RTT_Write
                0x0000000000026720       0x3c _build/SEGGER_RTT.o
                0x0000000000026720                SEGGER_RTT_Write
 .text._write_r
                0x000000000002675c       0x12 _build/SEGGER_RTT_Syscalls_GCC.o
                0x000000000002675c                _write_r
 .text.app_error_handler
                0x000000000002676e       0x1a _build/app_error_handler_gcc.o
                0x000000000002676e                app_error_handler
 .text.pwm_dealloc
                0x0000000000026788       0x58 _build/app_pwm.o
 .text.pwm_ready_tick
                0x00000000000267e0       0x5c _build/app_pwm.o
                0x00000000000267e0                pwm_ready_tick
 .text.app_pwm_busy_check
                0x000000000002683c       0x3c _build/app_pwm.o
                0x000000000002683c                app_pwm_busy_check
 .text.app_pwm_channel_duty_ticks_set
                0x0000000000026878      0x1a0 _build/app_pwm.o
                0x0000000000026878                app_pwm_channel_duty_ticks_set
 .text.app_pwm_channel_duty_set
                0x0000000000026a18       0x12 _build/app_pwm.o
                0x0000000000026a18                app_pwm_channel_duty_set
 *fill*         0x0000000000026a2a        0x2 
 .text.app_pwm_init
                0x0000000000026a2c      0x344 _build/app_pwm.o
                0x0000000000026a2c                app_pwm_init
 .text.app_pwm_enable
                0x0000000000026d70       0x88 _build/app_pwm.o
                0x0000000000026d70                app_pwm_enable
 .text.user_op_alloc
                0x0000000000026df8       0x2c _build/app_timer.o
 .text.timer_stop_op_schedule
                0x0000000000026e24       0x50 _build/app_timer.o
 .text.nrfx_coredep_delay_us.constprop.3
                0x0000000000026e74       0x10 _build/app_timer.o
 .text.RTC1_IRQHandler
                0x0000000000026e84       0x9c _build/app_timer.o
                0x0000000000026e84                RTC1_IRQHandler
 .text.SWI0_EGU0_IRQHandler
                0x0000000000026f20      0x2a4 _build/app_timer.o
                0x0000000000026f20                SWI0_EGU0_IRQHandler
 .text.app_timer_start
                0x00000000000271c4       0x88 _build/app_timer.o
                0x00000000000271c4                app_timer_start
 .text.app_timer_stop
                0x000000000002724c       0x20 _build/app_timer.o
                0x000000000002724c                app_timer_stop
 .text.privilege_level_get
                0x000000000002726c       0x1a _build/app_util_platform.o
                0x000000000002726c                privilege_level_get
 *fill*         0x0000000000027286        0x2 
 .text.app_util_critical_region_enter
                0x0000000000027288       0x60 _build/app_util_platform.o
                0x0000000000027288                app_util_critical_region_enter
 .text.app_util_critical_region_exit
                0x00000000000272e8       0x40 _build/app_util_platform.o
                0x00000000000272e8                app_util_critical_region_exit
 .text.startup.called_first
                0x0000000000027328       0x10 _build/before_startup.o
                0x0000000000027328                called_first
 .text.HardFault_Handler
                0x0000000000027338       0x34 _build/hardfault_handler_gcc.o
                0x0000000000027338                HardFault_Handler
 .text.HardFault_c_handler
                0x000000000002736c      0x104 _build/hardfault_implementation.o
                0x000000000002736c                HardFault_c_handler
 .text.nrf_atomic_u32_fetch_store
                0x0000000000027470       0x14 _build/nrf_atomic.o
                0x0000000000027470                nrf_atomic_u32_fetch_store
 .text.nrf_atomic_u32_or
                0x0000000000027484       0x16 _build/nrf_atomic.o
                0x0000000000027484                nrf_atomic_u32_or
 .text.nrf_atomic_u32_fetch_and
                0x000000000002749a       0x16 _build/nrf_atomic.o
                0x000000000002749a                nrf_atomic_u32_fetch_and
 .text.nrf_atomic_u32_add
                0x00000000000274b0       0x16 _build/nrf_atomic.o
                0x00000000000274b0                nrf_atomic_u32_add
 .text.nrf_atomic_u32_sub
                0x00000000000274c6       0x16 _build/nrf_atomic.o
                0x00000000000274c6                nrf_atomic_u32_sub
 .text.nrf_atomic_flag_set
                0x00000000000274dc        0x6 _build/nrf_atomic.o
                0x00000000000274dc                nrf_atomic_flag_set
 .text.nrf_atomic_flag_clear_fetch
                0x00000000000274e2        0x6 _build/nrf_atomic.o
                0x00000000000274e2                nrf_atomic_flag_clear_fetch
 .text.nrf_balloc_alloc
                0x00000000000274e8       0x5c _build/nrf_balloc.o
                0x00000000000274e8                nrf_balloc_alloc
 .text.nrf_balloc_free
                0x0000000000027544       0x50 _build/nrf_balloc.o
                0x0000000000027544                nrf_balloc_free
 .text.clock_clk_started_notify
                0x0000000000027594       0x28 _build/nrf_drv_clock.o
 .text.clock_irq_handler
                0x00000000000275bc       0x1c _build/nrf_drv_clock.o
 .text.soc_evt_handler
                0x00000000000275d8       0x14 _build/nrf_drv_clock.o
 .text.nrf_drv_clock_init
                0x00000000000275ec       0x38 _build/nrf_drv_clock.o
                0x00000000000275ec                nrf_drv_clock_init
 .text.nrf_drv_clock_lfclk_release
                0x0000000000027624       0x60 _build/nrf_drv_clock.o
                0x0000000000027624                nrf_drv_clock_lfclk_release
 .text.sd_state_evt_handler
                0x0000000000027684       0x6c _build/nrf_drv_clock.o
 .text.nrf_drv_ppi_init
                0x00000000000276f0       0x14 _build/nrf_drv_ppi.o
                0x00000000000276f0                nrf_drv_ppi_init
 .text.invalid_packets_omit
                0x0000000000027704       0x3a _build/nrf_log_frontend.o
 *fill*         0x000000000002773e        0x2 
 .text.buf_prealloc
                0x0000000000027740      0x138 _build/nrf_log_frontend.o
 .text.buffer_is_empty
                0x0000000000027878       0x14 _build/nrf_log_frontend.o
                0x0000000000027878                buffer_is_empty
 .text.nrf_log_frontend_dequeue
                0x000000000002788c      0x228 _build/nrf_log_frontend.o
                0x000000000002788c                nrf_log_frontend_dequeue
 .text.std_n    0x0000000000027ab4       0xd8 _build/nrf_log_frontend.o
 .text.nrf_log_frontend_std_0
                0x0000000000027b8c        0x8 _build/nrf_log_frontend.o
                0x0000000000027b8c                nrf_log_frontend_std_0
 .text.nrf_log_frontend_std_1
                0x0000000000027b94       0x14 _build/nrf_log_frontend.o
                0x0000000000027b94                nrf_log_frontend_std_1
 .text.nrf_log_frontend_std_2
                0x0000000000027ba8       0x14 _build/nrf_log_frontend.o
                0x0000000000027ba8                nrf_log_frontend_std_2
 .text.nrf_log_frontend_std_3
                0x0000000000027bbc       0x18 _build/nrf_log_frontend.o
                0x0000000000027bbc                nrf_log_frontend_std_3
 .text.nrf_log_frontend_std_4
                0x0000000000027bd4       0x1c _build/nrf_log_frontend.o
                0x0000000000027bd4                nrf_log_frontend_std_4
 .text.nrf_log_panic
                0x0000000000027bf0       0x2c _build/nrf_log_frontend.o
                0x0000000000027bf0                nrf_log_panic
 .text.memobj_op
                0x0000000000027c1c       0xa4 _build/nrf_memobj.o
 .text.nrf_memobj_free
                0x0000000000027cc0       0x2c _build/nrf_memobj.o
                0x0000000000027cc0                nrf_memobj_free
 .text.nrf_memobj_alloc
                0x0000000000027cec       0x5e _build/nrf_memobj.o
                0x0000000000027cec                nrf_memobj_alloc
 .text.nrf_memobj_get
                0x0000000000027d4a        0x8 _build/nrf_memobj.o
                0x0000000000027d4a                nrf_memobj_get
 .text.nrf_memobj_put
                0x0000000000027d52       0x1e _build/nrf_memobj.o
                0x0000000000027d52                nrf_memobj_put
 .text.nrf_memobj_write
                0x0000000000027d70       0x2c _build/nrf_memobj.o
                0x0000000000027d70                nrf_memobj_write
 .text.nrf_section_iter_init
                0x0000000000027d9c       0x30 _build/nrf_section_iter.o
                0x0000000000027d9c                nrf_section_iter_init
 .text.nrf_section_iter_next
                0x0000000000027dcc       0x38 _build/nrf_section_iter.o
                0x0000000000027dcc                nrf_section_iter_next
 .text.nrf_strerror_find
                0x0000000000027e04       0x3c _build/nrf_strerror.o
                0x0000000000027e04                nrf_strerror_find
 .text.nrf_strerror_get
                0x0000000000027e40       0x14 _build/nrf_strerror.o
                0x0000000000027e40                nrf_strerror_get
 .text.nrfx_clock_init
                0x0000000000027e54       0x2c _build/nrfx_clock.o
                0x0000000000027e54                nrfx_clock_init
 .text.nrfx_clock_enable
                0x0000000000027e80       0x3c _build/nrfx_clock.o
                0x0000000000027e80                nrfx_clock_enable
 .text.nrfx_clock_lfclk_stop
                0x0000000000027ebc       0x30 _build/nrfx_clock.o
                0x0000000000027ebc                nrfx_clock_lfclk_stop
 .text.POWER_CLOCK_IRQHandler
                0x0000000000027eec       0x64 _build/nrfx_clock.o
                0x0000000000027eec                POWER_CLOCK_IRQHandler
 .text.nrf_gpiote_event_clear
                0x0000000000027f50       0x18 _build/nrfx_gpiote.o
 .text.channel_free
                0x0000000000027f68       0x1c _build/nrfx_gpiote.o
 .text.nrf_gpio_pin_port_decode.isra.0.part.1
                0x0000000000027f84       0x10 _build/nrfx_gpiote.o
 .text.nrf_gpio_cfg_sense_set
                0x0000000000027f94       0x2e _build/nrfx_gpiote.o
 *fill*         0x0000000000027fc2        0x2 
 .text.nrfx_gpiote_init
                0x0000000000027fc4       0x6c _build/nrfx_gpiote.o
                0x0000000000027fc4                nrfx_gpiote_init
 .text.nrfx_gpiote_is_init
                0x0000000000028030       0x14 _build/nrfx_gpiote.o
                0x0000000000028030                nrfx_gpiote_is_init
 .text.nrfx_gpiote_out_init
                0x0000000000028044      0x11c _build/nrfx_gpiote.o
                0x0000000000028044                nrfx_gpiote_out_init
 .text.nrfx_gpiote_out_uninit
                0x0000000000028160       0x90 _build/nrfx_gpiote.o
                0x0000000000028160                nrfx_gpiote_out_uninit
 .text.nrfx_gpiote_out_set
                0x00000000000281f0       0x5c _build/nrfx_gpiote.o
                0x00000000000281f0                nrfx_gpiote_out_set
 .text.nrfx_gpiote_out_clear
                0x000000000002824c       0x5c _build/nrfx_gpiote.o
                0x000000000002824c                nrfx_gpiote_out_clear
 .text.nrfx_gpiote_out_task_enable
                0x00000000000282a8       0x64 _build/nrfx_gpiote.o
                0x00000000000282a8                nrfx_gpiote_out_task_enable
 .text.nrfx_gpiote_set_task_addr_get
                0x000000000002830c       0x48 _build/nrfx_gpiote.o
                0x000000000002830c                nrfx_gpiote_set_task_addr_get
 .text.nrfx_gpiote_clr_task_addr_get
                0x0000000000028354       0x48 _build/nrfx_gpiote.o
                0x0000000000028354                nrfx_gpiote_clr_task_addr_get
 .text.nrfx_gpiote_out_task_force
                0x000000000002839c       0x70 _build/nrfx_gpiote.o
                0x000000000002839c                nrfx_gpiote_out_task_force
 .text.GPIOTE_IRQHandler
                0x000000000002840c      0x18c _build/nrfx_gpiote.o
                0x000000000002840c                GPIOTE_IRQHandler
 .text.nrfx_ppi_channel_alloc
                0x0000000000028598       0x68 _build/nrfx_ppi.o
                0x0000000000028598                nrfx_ppi_channel_alloc
 .text.nrfx_ppi_channel_free
                0x0000000000028600       0x44 _build/nrfx_ppi.o
                0x0000000000028600                nrfx_ppi_channel_free
 .text.nrfx_ppi_channel_assign
                0x0000000000028644       0x40 _build/nrfx_ppi.o
                0x0000000000028644                nrfx_ppi_channel_assign
 .text.nrfx_ppi_channel_enable
                0x0000000000028684       0x30 _build/nrfx_ppi.o
                0x0000000000028684                nrfx_ppi_channel_enable
 .text.nrfx_ppi_channel_disable
                0x00000000000286b4       0x30 _build/nrfx_ppi.o
                0x00000000000286b4                nrfx_ppi_channel_disable
 .text.UARTE0_UART0_IRQHandler
                0x00000000000286e4       0x20 _build/nrfx_prs.o
                0x00000000000286e4                UARTE0_UART0_IRQHandler
 .text.nrf_pwm_event_clear
                0x0000000000028704       0x10 _build/nrfx_pwm.o
 .text.irq_handler
                0x0000000000028714       0x80 _build/nrfx_pwm.o
 .text.PWM0_IRQHandler
                0x0000000000028794       0x10 _build/nrfx_pwm.o
                0x0000000000028794                PWM0_IRQHandler
 .text.PWM1_IRQHandler
                0x00000000000287a4       0x10 _build/nrfx_pwm.o
                0x00000000000287a4                PWM1_IRQHandler
 .text.PWM2_IRQHandler
                0x00000000000287b4       0x10 _build/nrfx_pwm.o
                0x00000000000287b4                PWM2_IRQHandler
 .text.nrf_saadc_event_clear
                0x00000000000287c4       0x18 _build/nrfx_saadc.o
 .text.SAADC_IRQHandler
                0x00000000000287dc      0x164 _build/nrfx_saadc.o
                0x00000000000287dc                SAADC_IRQHandler
 .text.nrf_gpio_pin_port_decode.isra.0.part.1
                0x0000000000028940       0x10 _build/nrfx_spim.o
 .text.nrf_gpio_pin_clear
                0x0000000000028950       0x1c _build/nrfx_spim.o
 .text.nrf_gpio_pin_set
                0x000000000002896c       0x1c _build/nrfx_spim.o
 .text.SPIM1_SPIS1_TWIM1_TWIS1_SPI1_TWI1_IRQHandler
                0x0000000000028988       0x64 _build/nrfx_spim.o
                0x0000000000028988                SPIM1_SPIS1_TWIM1_TWIS1_SPI1_TWI1_IRQHandler
 .text.irq_handler.constprop.0
                0x00000000000289ec       0x4c _build/nrfx_timer.o
 .text.nrfx_timer_init
                0x0000000000028a38      0x170 _build/nrfx_timer.o
                0x0000000000028a38                nrfx_timer_init
 .text.nrfx_timer_enable
                0x0000000000028ba8       0x38 _build/nrfx_timer.o
                0x0000000000028ba8                nrfx_timer_enable
 .text.nrfx_timer_disable
                0x0000000000028be0       0x34 _build/nrfx_timer.o
                0x0000000000028be0                nrfx_timer_disable
 .text.nrfx_timer_uninit
                0x0000000000028c14       0x50 _build/nrfx_timer.o
                0x0000000000028c14                nrfx_timer_uninit
 .text.nrfx_timer_clear
                0x0000000000028c64       0x2c _build/nrfx_timer.o
                0x0000000000028c64                nrfx_timer_clear
 .text.nrfx_timer_compare
                0x0000000000028c90       0x36 _build/nrfx_timer.o
                0x0000000000028c90                nrfx_timer_compare
 .text.nrfx_timer_extended_compare
                0x0000000000028cc6       0x2e _build/nrfx_timer.o
                0x0000000000028cc6                nrfx_timer_extended_compare
 .text.nrfx_timer_compare_int_enable
                0x0000000000028cf4       0x58 _build/nrfx_timer.o
                0x0000000000028cf4                nrfx_timer_compare_int_enable
 .text.nrfx_timer_compare_int_disable
                0x0000000000028d4c       0x44 _build/nrfx_timer.o
                0x0000000000028d4c                nrfx_timer_compare_int_disable
 .text.TIMER0_IRQHandler
                0x0000000000028d90       0x10 _build/nrfx_timer.o
                0x0000000000028d90                TIMER0_IRQHandler
 .text.TIMER1_IRQHandler
                0x0000000000028da0       0x10 _build/nrfx_timer.o
                0x0000000000028da0                TIMER1_IRQHandler
 .text.nrf_twim_event_clear
                0x0000000000028db0       0x10 _build/nrfx_twim.o
 .text.SPIM0_SPIS0_TWIM0_TWIS0_SPI0_TWI0_IRQHandler
                0x0000000000028dc0      0x158 _build/nrfx_twim.o
                0x0000000000028dc0                SPIM0_SPIS0_TWIM0_TWIS0_SPI0_TWI0_IRQHandler
 .text.ble_advdata_search
                0x0000000000028f18       0x38 _build/ble_advdata.o
                0x0000000000028f18                ble_advdata_search
 .text.ble_advdata_parse
                0x0000000000028f50       0x20 _build/ble_advdata.o
                0x0000000000028f50                ble_advdata_parse
 .text.sd_ble_gap_adv_set_configure
                0x0000000000028f70        0x4 _build/ble_advertising.o
 .text.sd_ble_gap_adv_start
                0x0000000000028f74        0x4 _build/ble_advertising.o
 .text.flags_set
                0x0000000000028f78       0x2c _build/ble_advertising.o
 .text.ble_advertising_start
                0x0000000000028fa4      0x21c _build/ble_advertising.o
                0x0000000000028fa4                ble_advertising_start
 .text.ble_advertising_on_ble_evt
                0x00000000000291c0       0x6a _build/ble_advertising.o
                0x00000000000291c0                ble_advertising_on_ble_evt
 .text.ble_advertising_on_sys_evt
                0x000000000002922a        0x2 _build/ble_advertising.o
                0x000000000002922a                ble_advertising_on_sys_evt
 .text.instance_get
                0x000000000002922c       0x14 _build/ble_conn_params.o
 .text.send_error_evt
                0x0000000000029240       0x10 _build/ble_conn_params.o
 .text.conn_params_negotiation
                0x0000000000029250       0x48 _build/ble_conn_params.o
 .text.is_conn_params_ok.constprop.3
                0x0000000000029298       0x3a _build/ble_conn_params.o
 *fill*         0x00000000000292d2        0x2 
 .text.ble_evt_handler
                0x00000000000292d4       0xe0 _build/ble_conn_params.o
 .text.ble_srv_is_notification_enabled
                0x00000000000293b4        0x8 _build/ble_srv_common.o
                0x00000000000293b4                ble_srv_is_notification_enabled
 .text.sd_ble_gap_data_length_update
                0x00000000000293bc        0x4 _build/nrf_ble_gatt.o
 .text.sd_ble_gattc_exchange_mtu_request
                0x00000000000293c0        0x4 _build/nrf_ble_gatt.o
 .text.sd_ble_gatts_exchange_mtu_reply
                0x00000000000293c4        0x4 _build/nrf_ble_gatt.o
 .text.data_length_update
                0x00000000000293c8       0x7c _build/nrf_ble_gatt.o
 .text.nrf_ble_gatt_on_ble_evt
                0x0000000000029444      0x1b0 _build/nrf_ble_gatt.o
                0x0000000000029444                nrf_ble_gatt_on_ble_evt
 .text.sd_ble_gatts_rw_authorize_reply
                0x00000000000295f4        0x4 _build/nrf_ble_qwr.o
 .text.sd_ble_user_mem_reply
                0x00000000000295f8        0x4 _build/nrf_ble_qwr.o
 .text.user_mem_reply.part.0
                0x00000000000295fc       0x24 _build/nrf_ble_qwr.o
 .text.nrf_ble_qwr_conn_handle_assign
                0x0000000000029620       0x16 _build/nrf_ble_qwr.o
                0x0000000000029620                nrf_ble_qwr_conn_handle_assign
 .text.nrf_ble_qwr_on_ble_evt
                0x0000000000029636       0xa0 _build/nrf_ble_qwr.o
                0x0000000000029636                nrf_ble_qwr_on_ble_evt
 *fill*         0x00000000000296d6        0x2 
 .text.nrf_sdh_is_enabled
                0x00000000000296d8        0xc _build/nrf_sdh.o
                0x00000000000296d8                nrf_sdh_is_enabled
 .text.nrf_sdh_evts_poll
                0x00000000000296e4       0x28 _build/nrf_sdh.o
                0x00000000000296e4                nrf_sdh_evts_poll
 .text.SWI2_EGU2_IRQHandler
                0x000000000002970c        0x4 _build/nrf_sdh.o
                0x000000000002970c                SWI2_EGU2_IRQHandler
 .text.sd_ble_evt_get
                0x0000000000029710        0x4 _build/nrf_sdh_ble.o
 .text.nrf_sdh_ble_evts_poll.part.0
                0x0000000000029714       0x58 _build/nrf_sdh_ble.o
 .text.nrf_sdh_ble_evts_poll
                0x000000000002976c       0x10 _build/nrf_sdh_ble.o
 .text.sd_ble_gap_disconnect
                0x000000000002977c        0x4 _build/simple_ble.o
 .text.sd_ble_gap_sec_params_reply
                0x0000000000029780        0x4 _build/simple_ble.o
 .text.sd_ble_gap_sec_info_reply
                0x0000000000029784        0x4 _build/simple_ble.o
 .text.sd_ble_gap_scan_start
                0x0000000000029788        0x4 _build/simple_ble.o
 .text.sd_ble_gap_phy_update
                0x000000000002978c        0x4 _build/simple_ble.o
 .text.sd_ble_gatts_sys_attr_set
                0x0000000000029790        0x4 _build/simple_ble.o
 .text.sd_power_system_off
                0x0000000000029794        0x4 _build/simple_ble.o
 .text.on_ble_evt
                0x0000000000029798      0x1d0 _build/simple_ble.o
 .text.assert_nrf_callback
                0x0000000000029968       0x20 _build/simple_ble.o
                0x0000000000029968                assert_nrf_callback
 .text.errata_12
                0x0000000000029988       0x40 _build/system_nrf52.o
 .text.errata_16
                0x00000000000299c8       0x34 _build/system_nrf52.o
 .text.SystemInit
                0x00000000000299fc      0x25c _build/system_nrf52.o
                0x00000000000299fc                SystemInit
 .text          0x0000000000029c58       0x3c _build/gcc_startup_nrf52.os
                0x0000000000029c58                Reset_Handler
                0x0000000000029c80                NMI_Handler
                0x0000000000029c84                MemoryManagement_Handler
                0x0000000000029c86                BusFault_Handler
                0x0000000000029c88                UsageFault_Handler
                0x0000000000029c8a                SVC_Handler
                0x0000000000029c8c                DebugMon_Handler
                0x0000000000029c8e                PendSV_Handler
                0x0000000000029c90                SysTick_Handler
                0x0000000000029c92                TIMER2_IRQHandler
                0x0000000000029c92                RTC0_IRQHandler
                0x0000000000029c92                RADIO_IRQHandler
                0x0000000000029c92                PDM_IRQHandler
                0x0000000000029c92                TEMP_IRQHandler
                0x0000000000029c92                QDEC_IRQHandler
                0x0000000000029c92                TIMER3_IRQHandler
                0x0000000000029c92                FPU_IRQHandler
                0x0000000000029c92                TIMER4_IRQHandler
                0x0000000000029c92                I2S_IRQHandler
                0x0000000000029c92                SWI4_EGU4_IRQHandler
                0x0000000000029c92                ECB_IRQHandler
                0x0000000000029c92                Default_Handler
                0x0000000000029c92                CCM_AAR_IRQHandler
                0x0000000000029c92                WDT_IRQHandler
                0x0000000000029c92                SWI5_EGU5_IRQHandler
                0x0000000000029c92                RNG_IRQHandler
                0x0000000000029c92                RTC2_IRQHandler
                0x0000000000029c92                SWI3_EGU3_IRQHandler
                0x0000000000029c92                SWI1_EGU1_IRQHandler
                0x0000000000029c92                SPIM2_SPIS2_SPI2_IRQHandler
                0x0000000000029c92                NFCT_IRQHandler
                0x0000000000029c92                MWU_IRQHandler
                0x0000000000029c92                COMP_LPCOMP_IRQHandler
 .text.exit     0x0000000000029c94       0x20 /usr/bin/../lib/gcc/arm-none-eabi/7.3.1/../../../../arm-none-eabi/lib/thumb/v7e-m/fpv4-sp/hard/libc.a(lib_a-exit.o)
                0x0000000000029c94                exit
 .text.__libc_init_array
                0x0000000000029cb4       0x48 /usr/bin/../lib/gcc/arm-none-eabi/7.3.1/../../../../arm-none-eabi/lib/thumb/v7e-m/fpv4-sp/hard/libc.a(lib_a-init.o)
                0x0000000000029cb4                __libc_init_array
 .text.__locale_mb_cur_max
                0x0000000000029cfc       0x1c /usr/bin/../lib/gcc/arm-none-eabi/7.3.1/../../../../arm-none-eabi/lib/thumb/v7e-m/fpv4-sp/hard/libc.a(lib_a-locale.o)
                0x0000000000029cfc                __locale_mb_cur_max
 .text.__ascii_mbtowc
                0x0000000000029d18       0x2c /usr/bin/../lib/gcc/arm-none-eabi/7.3.1/../../../../arm-none-eabi/lib/thumb/v7e-m/fpv4-sp/hard/libc.a(lib_a-mbtowc_r.o)
                0x0000000000029d18                __ascii_mbtowc
 .text          0x0000000000029d44      0x134 /usr/bin/../lib/gcc/arm-none-eabi/7.3.1/../../../../arm-none-eabi/lib/thumb/v7e-m/fpv4-sp/hard/libc.a(lib_a-memcpy.o)
                0x0000000000029d44                memcpy
 .text.memset   0x0000000000029e78       0x94 /usr/bin/../lib/gcc/arm-none-eabi/7.3.1/../../../../arm-none-eabi/lib/thumb/v7e-m/fpv4-sp/hard/libc.a(lib_a-memset.o)
                0x0000000000029e78                memset
 .text.printf   0x0000000000029f0c       0x28 /usr/bin/../lib/gcc/arm-none-eabi/7.3.1/../../../../arm-none-eabi/lib/thumb/v7e-m/fpv4-sp/hard/libc.a(lib_a-printf.o)
                0x0000000000029f0c                printf
 .text.setbuf   0x0000000000029f34       0x10 /usr/bin/../lib/gcc/arm-none-eabi/7.3.1/../../../../arm-none-eabi/lib/thumb/v7e-m/fpv4-sp/hard/libc.a(lib_a-setbuf.o)
                0x0000000000029f34                setbuf
 .text.setvbuf  0x0000000000029f44      0x180 /usr/bin/../lib/gcc/arm-none-eabi/7.3.1/../../../../arm-none-eabi/lib/thumb/v7e-m/fpv4-sp/hard/libc.a(lib_a-setvbuf.o)
                0x0000000000029f44                setvbuf
 .text.strcpy   0x000000000002a0c4       0xbc /usr/bin/../lib/gcc/arm-none-eabi/7.3.1/../../../../arm-none-eabi/lib/thumb/v7e-m/fpv4-sp/hard/libc.a(lib_a-strcpy.o)
                0x000000000002a0c4                strcpy
 .text          0x000000000002a180       0xdc /usr/bin/../lib/gcc/arm-none-eabi/7.3.1/../../../../arm-none-eabi/lib/thumb/v7e-m/fpv4-sp/hard/libc.a(lib_a-strlen.o)
                0x000000000002a180                strlen
 *fill*         0x000000000002a25c        0x4 
 .text._vfprintf_r
                0x000000000002a260     0x1a7c /usr/bin/../lib/gcc/arm-none-eabi/7.3.1/../../../../arm-none-eabi/lib/thumb/v7e-m/fpv4-sp/hard/libc.a(lib_a-vfprintf.o)
                0x000000000002a260                _vfprintf_r
 .text.__sbprintf
                0x000000000002bcdc       0x84 /usr/bin/../lib/gcc/arm-none-eabi/7.3.1/../../../../arm-none-eabi/lib/thumb/v7e-m/fpv4-sp/hard/libc.a(lib_a-vfprintf.o)
 .text.__ascii_wctomb
                0x000000000002bd60       0x1c /usr/bin/../lib/gcc/arm-none-eabi/7.3.1/../../../../arm-none-eabi/lib/thumb/v7e-m/fpv4-sp/hard/libc.a(lib_a-wctomb_r.o)
                0x000000000002bd60                __ascii_wctomb
 .text.__swsetup_r
                0x000000000002bd7c       0xcc /usr/bin/../lib/gcc/arm-none-eabi/7.3.1/../../../../arm-none-eabi/lib/thumb/v7e-m/fpv4-sp/hard/libc.a(lib_a-wsetup.o)
                0x000000000002bd7c                __swsetup_r
 .text.startup.register_fini
                0x000000000002be48       0x14 /usr/bin/../lib/gcc/arm-none-eabi/7.3.1/../../../../arm-none-eabi/lib/thumb/v7e-m/fpv4-sp/hard/libc.a(lib_a-__call_atexit.o)
 .text.__call_exitprocs
                0x000000000002be5c       0xe8 /usr/bin/../lib/gcc/arm-none-eabi/7.3.1/../../../../arm-none-eabi/lib/thumb/v7e-m/fpv4-sp/hard/libc.a(lib_a-__call_atexit.o)
                0x000000000002be5c                __call_exitprocs
 .text.atexit   0x000000000002bf44        0xc /usr/bin/../lib/gcc/arm-none-eabi/7.3.1/../../../../arm-none-eabi/lib/thumb/v7e-m/fpv4-sp/hard/libc.a(lib_a-atexit.o)
                0x000000000002bf44                atexit
 .text.quorem   0x000000000002bf50      0x124 /usr/bin/../lib/gcc/arm-none-eabi/7.3.1/../../../../arm-none-eabi/lib/thumb/v7e-m/fpv4-sp/hard/libc.a(lib_a-dtoa.o)
 *fill*         0x000000000002c074        0x4 
 .text._dtoa_r  0x000000000002c078      0xe20 /usr/bin/../lib/gcc/arm-none-eabi/7.3.1/../../../../arm-none-eabi/lib/thumb/v7e-m/fpv4-sp/hard/libc.a(lib_a-dtoa.o)
                0x000000000002c078                _dtoa_r
 .text.__sflush_r
                0x000000000002ce98      0x154 /usr/bin/../lib/gcc/arm-none-eabi/7.3.1/../../../../arm-none-eabi/lib/thumb/v7e-m/fpv4-sp/hard/libc.a(lib_a-fflush.o)
                0x000000000002ce98                __sflush_r
 .text._fflush_r
                0x000000000002cfec       0x5c /usr/bin/../lib/gcc/arm-none-eabi/7.3.1/../../../../arm-none-eabi/lib/thumb/v7e-m/fpv4-sp/hard/libc.a(lib_a-fflush.o)
                0x000000000002cfec                _fflush_r
 .text.std      0x000000000002d048       0x50 /usr/bin/../lib/gcc/arm-none-eabi/7.3.1/../../../../arm-none-eabi/lib/thumb/v7e-m/fpv4-sp/hard/libc.a(lib_a-findfp.o)
 .text._cleanup_r
                0x000000000002d098        0xc /usr/bin/../lib/gcc/arm-none-eabi/7.3.1/../../../../arm-none-eabi/lib/thumb/v7e-m/fpv4-sp/hard/libc.a(lib_a-findfp.o)
                0x000000000002d098                _cleanup_r
 .text.__sinit  0x000000000002d0a4       0x58 /usr/bin/../lib/gcc/arm-none-eabi/7.3.1/../../../../arm-none-eabi/lib/thumb/v7e-m/fpv4-sp/hard/libc.a(lib_a-findfp.o)
                0x000000000002d0a4                __sinit
 .text.__sfp_lock_acquire
                0x000000000002d0fc        0xc /usr/bin/../lib/gcc/arm-none-eabi/7.3.1/../../../../arm-none-eabi/lib/thumb/v7e-m/fpv4-sp/hard/libc.a(lib_a-findfp.o)
                0x000000000002d0fc                __sfp_lock_acquire
 .text.__sfp_lock_release
                0x000000000002d108        0xc /usr/bin/../lib/gcc/arm-none-eabi/7.3.1/../../../../arm-none-eabi/lib/thumb/v7e-m/fpv4-sp/hard/libc.a(lib_a-findfp.o)
                0x000000000002d108                __sfp_lock_release
 .text.__libc_fini_array
                0x000000000002d114       0x34 /usr/bin/../lib/gcc/arm-none-eabi/7.3.1/../../../../arm-none-eabi/lib/thumb/v7e-m/fpv4-sp/hard/libc.a(lib_a-fini.o)
                0x000000000002d114                __libc_fini_array
 .text._malloc_trim_r
                0x000000000002d148       0xa0 /usr/bin/../lib/gcc/arm-none-eabi/7.3.1/../../../../arm-none-eabi/lib/thumb/v7e-m/fpv4-sp/hard/libc.a(lib_a-freer.o)
                0x000000000002d148                _malloc_trim_r
 .text._free_r  0x000000000002d1e8      0x1e8 /usr/bin/../lib/gcc/arm-none-eabi/7.3.1/../../../../arm-none-eabi/lib/thumb/v7e-m/fpv4-sp/hard/libc.a(lib_a-freer.o)
                0x000000000002d1e8                _free_r
 .text._fwalk_reent
                0x000000000002d3d0       0x54 /usr/bin/../lib/gcc/arm-none-eabi/7.3.1/../../../../arm-none-eabi/lib/thumb/v7e-m/fpv4-sp/hard/libc.a(lib_a-fwalk.o)
                0x000000000002d3d0                _fwalk_reent
 .text._localeconv_r
                0x000000000002d424       0x1c /usr/bin/../lib/gcc/arm-none-eabi/7.3.1/../../../../arm-none-eabi/lib/thumb/v7e-m/fpv4-sp/hard/libc.a(lib_a-localeconv.o)
                0x000000000002d424                _localeconv_r
 .text.__retarget_lock_init_recursive
                0x000000000002d440        0x4 /usr/bin/../lib/gcc/arm-none-eabi/7.3.1/../../../../arm-none-eabi/lib/thumb/v7e-m/fpv4-sp/hard/libc.a(lib_a-lock.o)
                0x000000000002d440                __retarget_lock_init_recursive
 .text.__retarget_lock_close_recursive
                0x000000000002d444        0x4 /usr/bin/../lib/gcc/arm-none-eabi/7.3.1/../../../../arm-none-eabi/lib/thumb/v7e-m/fpv4-sp/hard/libc.a(lib_a-lock.o)
                0x000000000002d444                __retarget_lock_close_recursive
 .text.__retarget_lock_acquire_recursive
                0x000000000002d448        0x4 /usr/bin/../lib/gcc/arm-none-eabi/7.3.1/../../../../arm-none-eabi/lib/thumb/v7e-m/fpv4-sp/hard/libc.a(lib_a-lock.o)
                0x000000000002d448                __retarget_lock_acquire_recursive
 .text.__retarget_lock_release_recursive
                0x000000000002d44c        0x4 /usr/bin/../lib/gcc/arm-none-eabi/7.3.1/../../../../arm-none-eabi/lib/thumb/v7e-m/fpv4-sp/hard/libc.a(lib_a-lock.o)
                0x000000000002d44c                __retarget_lock_release_recursive
 .text.__swhatbuf_r
                0x000000000002d450       0x5c /usr/bin/../lib/gcc/arm-none-eabi/7.3.1/../../../../arm-none-eabi/lib/thumb/v7e-m/fpv4-sp/hard/libc.a(lib_a-makebuf.o)
                0x000000000002d450                __swhatbuf_r
 .text.__smakebuf_r
                0x000000000002d4ac       0x94 /usr/bin/../lib/gcc/arm-none-eabi/7.3.1/../../../../arm-none-eabi/lib/thumb/v7e-m/fpv4-sp/hard/libc.a(lib_a-makebuf.o)
                0x000000000002d4ac                __smakebuf_r
 .text.malloc   0x000000000002d540       0x10 /usr/bin/../lib/gcc/arm-none-eabi/7.3.1/../../../../arm-none-eabi/lib/thumb/v7e-m/fpv4-sp/hard/libc.a(lib_a-malloc.o)
                0x000000000002d540                malloc
 .text.free     0x000000000002d550       0x10 /usr/bin/../lib/gcc/arm-none-eabi/7.3.1/../../../../arm-none-eabi/lib/thumb/v7e-m/fpv4-sp/hard/libc.a(lib_a-malloc.o)
                0x000000000002d550                free
 .text._malloc_r
                0x000000000002d560      0x548 /usr/bin/../lib/gcc/arm-none-eabi/7.3.1/../../../../arm-none-eabi/lib/thumb/v7e-m/fpv4-sp/hard/libc.a(lib_a-mallocr.o)
                0x000000000002d560                _malloc_r
 *fill*         0x000000000002daa8        0x8 
 .text          0x000000000002dab0       0xa0 /usr/bin/../lib/gcc/arm-none-eabi/7.3.1/../../../../arm-none-eabi/lib/thumb/v7e-m/fpv4-sp/hard/libc.a(lib_a-memchr.o)
                0x000000000002dab0                memchr
 .text.__malloc_lock
                0x000000000002db50        0xc /usr/bin/../lib/gcc/arm-none-eabi/7.3.1/../../../../arm-none-eabi/lib/thumb/v7e-m/fpv4-sp/hard/libc.a(lib_a-mlock.o)
                0x000000000002db50                __malloc_lock
 .text.__malloc_unlock
                0x000000000002db5c        0xc /usr/bin/../lib/gcc/arm-none-eabi/7.3.1/../../../../arm-none-eabi/lib/thumb/v7e-m/fpv4-sp/hard/libc.a(lib_a-mlock.o)
                0x000000000002db5c                __malloc_unlock
 .text._Balloc  0x000000000002db68       0x4c /usr/bin/../lib/gcc/arm-none-eabi/7.3.1/../../../../arm-none-eabi/lib/thumb/v7e-m/fpv4-sp/hard/libc.a(lib_a-mprec.o)
                0x000000000002db68                _Balloc
 .text._Bfree   0x000000000002dbb4       0x14 /usr/bin/../lib/gcc/arm-none-eabi/7.3.1/../../../../arm-none-eabi/lib/thumb/v7e-m/fpv4-sp/hard/libc.a(lib_a-mprec.o)
                0x000000000002dbb4                _Bfree
 .text.__multadd
                0x000000000002dbc8       0x80 /usr/bin/../lib/gcc/arm-none-eabi/7.3.1/../../../../arm-none-eabi/lib/thumb/v7e-m/fpv4-sp/hard/libc.a(lib_a-mprec.o)
                0x000000000002dbc8                __multadd
 .text.__hi0bits
                0x000000000002dc48       0x40 /usr/bin/../lib/gcc/arm-none-eabi/7.3.1/../../../../arm-none-eabi/lib/thumb/v7e-m/fpv4-sp/hard/libc.a(lib_a-mprec.o)
                0x000000000002dc48                __hi0bits
 .text.__lo0bits
                0x000000000002dc88       0x60 /usr/bin/../lib/gcc/arm-none-eabi/7.3.1/../../../../arm-none-eabi/lib/thumb/v7e-m/fpv4-sp/hard/libc.a(lib_a-mprec.o)
                0x000000000002dc88                __lo0bits
 .text.__i2b    0x000000000002dce8       0x14 /usr/bin/../lib/gcc/arm-none-eabi/7.3.1/../../../../arm-none-eabi/lib/thumb/v7e-m/fpv4-sp/hard/libc.a(lib_a-mprec.o)
                0x000000000002dce8                __i2b
 .text.__multiply
                0x000000000002dcfc      0x14c /usr/bin/../lib/gcc/arm-none-eabi/7.3.1/../../../../arm-none-eabi/lib/thumb/v7e-m/fpv4-sp/hard/libc.a(lib_a-mprec.o)
                0x000000000002dcfc                __multiply
 .text.__pow5mult
                0x000000000002de48       0xa0 /usr/bin/../lib/gcc/arm-none-eabi/7.3.1/../../../../arm-none-eabi/lib/thumb/v7e-m/fpv4-sp/hard/libc.a(lib_a-mprec.o)
                0x000000000002de48                __pow5mult
 .text.__lshift
                0x000000000002dee8       0xac /usr/bin/../lib/gcc/arm-none-eabi/7.3.1/../../../../arm-none-eabi/lib/thumb/v7e-m/fpv4-sp/hard/libc.a(lib_a-mprec.o)
                0x000000000002dee8                __lshift
 .text.__mcmp   0x000000000002df94       0x38 /usr/bin/../lib/gcc/arm-none-eabi/7.3.1/../../../../arm-none-eabi/lib/thumb/v7e-m/fpv4-sp/hard/libc.a(lib_a-mprec.o)
                0x000000000002df94                __mcmp
 .text.__mdiff  0x000000000002dfcc       0xec /usr/bin/../lib/gcc/arm-none-eabi/7.3.1/../../../../arm-none-eabi/lib/thumb/v7e-m/fpv4-sp/hard/libc.a(lib_a-mprec.o)
                0x000000000002dfcc                __mdiff
 .text.__d2b    0x000000000002e0b8       0xc4 /usr/bin/../lib/gcc/arm-none-eabi/7.3.1/../../../../arm-none-eabi/lib/thumb/v7e-m/fpv4-sp/hard/libc.a(lib_a-mprec.o)
                0x000000000002e0b8                __d2b
 .text.frexp    0x000000000002e17c       0x68 /usr/bin/../lib/gcc/arm-none-eabi/7.3.1/../../../../arm-none-eabi/lib/thumb/v7e-m/fpv4-sp/hard/libc.a(lib_a-s_frexp.o)
                0x000000000002e17c                frexp
 .text._sbrk_r  0x000000000002e1e4       0x24 /usr/bin/../lib/gcc/arm-none-eabi/7.3.1/../../../../arm-none-eabi/lib/thumb/v7e-m/fpv4-sp/hard/libc.a(lib_a-sbrkr.o)
                0x000000000002e1e4                _sbrk_r
 .text.__sread  0x000000000002e208       0x24 /usr/bin/../lib/gcc/arm-none-eabi/7.3.1/../../../../arm-none-eabi/lib/thumb/v7e-m/fpv4-sp/hard/libc.a(lib_a-stdio.o)
                0x000000000002e208                __sread
 .text.__swrite
                0x000000000002e22c       0x3c /usr/bin/../lib/gcc/arm-none-eabi/7.3.1/../../../../arm-none-eabi/lib/thumb/v7e-m/fpv4-sp/hard/libc.a(lib_a-stdio.o)
                0x000000000002e22c                __swrite
 .text.__sseek  0x000000000002e268       0x20 /usr/bin/../lib/gcc/arm-none-eabi/7.3.1/../../../../arm-none-eabi/lib/thumb/v7e-m/fpv4-sp/hard/libc.a(lib_a-stdio.o)
                0x000000000002e268                __sseek
 .text.__sclose
                0x000000000002e288        0x8 /usr/bin/../lib/gcc/arm-none-eabi/7.3.1/../../../../arm-none-eabi/lib/thumb/v7e-m/fpv4-sp/hard/libc.a(lib_a-stdio.o)
                0x000000000002e288                __sclose
 .text.strncpy  0x000000000002e290       0x64 /usr/bin/../lib/gcc/arm-none-eabi/7.3.1/../../../../arm-none-eabi/lib/thumb/v7e-m/fpv4-sp/hard/libc.a(lib_a-strncpy.o)
                0x000000000002e290                strncpy
 .text.__sprint_r.part.0
                0x000000000002e2f4       0x78 /usr/bin/../lib/gcc/arm-none-eabi/7.3.1/../../../../arm-none-eabi/lib/thumb/v7e-m/fpv4-sp/hard/libc.a(lib_a-vfiprintf.o)
 .text.__sprint_r
                0x000000000002e36c       0x14 /usr/bin/../lib/gcc/arm-none-eabi/7.3.1/../../../../arm-none-eabi/lib/thumb/v7e-m/fpv4-sp/hard/libc.a(lib_a-vfiprintf.o)
                0x000000000002e36c                __sprint_r
 .text.__register_exitproc
                0x000000000002e380       0xc0 /usr/bin/../lib/gcc/arm-none-eabi/7.3.1/../../../../arm-none-eabi/lib/thumb/v7e-m/fpv4-sp/hard/libc.a(lib_a-__atexit.o)
                0x000000000002e380                __register_exitproc
 .text._calloc_r
                0x000000000002e440       0x68 /usr/bin/../lib/gcc/arm-none-eabi/7.3.1/../../../../arm-none-eabi/lib/thumb/v7e-m/fpv4-sp/hard/libc.a(lib_a-callocr.o)
                0x000000000002e440                _calloc_r
 .text._close_r
                0x000000000002e4a8       0x24 /usr/bin/../lib/gcc/arm-none-eabi/7.3.1/../../../../arm-none-eabi/lib/thumb/v7e-m/fpv4-sp/hard/libc.a(lib_a-closer.o)
                0x000000000002e4a8                _close_r
 .text._fclose_r
                0x000000000002e4cc       0xd0 /usr/bin/../lib/gcc/arm-none-eabi/7.3.1/../../../../arm-none-eabi/lib/thumb/v7e-m/fpv4-sp/hard/libc.a(lib_a-fclose.o)
                0x000000000002e4cc                _fclose_r
 .text.__fputwc
                0x000000000002e59c       0xa0 /usr/bin/../lib/gcc/arm-none-eabi/7.3.1/../../../../arm-none-eabi/lib/thumb/v7e-m/fpv4-sp/hard/libc.a(lib_a-fputwc.o)
                0x000000000002e59c                __fputwc
 .text._fputwc_r
                0x000000000002e63c       0x64 /usr/bin/../lib/gcc/arm-none-eabi/7.3.1/../../../../arm-none-eabi/lib/thumb/v7e-m/fpv4-sp/hard/libc.a(lib_a-fputwc.o)
                0x000000000002e63c                _fputwc_r
 .text._fstat_r
                0x000000000002e6a0       0x28 /usr/bin/../lib/gcc/arm-none-eabi/7.3.1/../../../../arm-none-eabi/lib/thumb/v7e-m/fpv4-sp/hard/libc.a(lib_a-fstatr.o)
                0x000000000002e6a0                _fstat_r
 .text.__sfvwrite_r
                0x000000000002e6c8      0x2fc /usr/bin/../lib/gcc/arm-none-eabi/7.3.1/../../../../arm-none-eabi/lib/thumb/v7e-m/fpv4-sp/hard/libc.a(lib_a-fvwrite.o)
                0x000000000002e6c8                __sfvwrite_r
 .text._isatty_r
                0x000000000002e9c4       0x24 /usr/bin/../lib/gcc/arm-none-eabi/7.3.1/../../../../arm-none-eabi/lib/thumb/v7e-m/fpv4-sp/hard/libc.a(lib_a-isattyr.o)
                0x000000000002e9c4                _isatty_r
 .text._lseek_r
                0x000000000002e9e8       0x2c /usr/bin/../lib/gcc/arm-none-eabi/7.3.1/../../../../arm-none-eabi/lib/thumb/v7e-m/fpv4-sp/hard/libc.a(lib_a-lseekr.o)
                0x000000000002e9e8                _lseek_r
 .text.memmove  0x000000000002ea14       0xc8 /usr/bin/../lib/gcc/arm-none-eabi/7.3.1/../../../../arm-none-eabi/lib/thumb/v7e-m/fpv4-sp/hard/libc.a(lib_a-memmove.o)
                0x000000000002ea14                memmove
 .text._read_r  0x000000000002eadc       0x2c /usr/bin/../lib/gcc/arm-none-eabi/7.3.1/../../../../arm-none-eabi/lib/thumb/v7e-m/fpv4-sp/hard/libc.a(lib_a-readr.o)
                0x000000000002eadc                _read_r
 .text._realloc_r
                0x000000000002eb08      0x35c /usr/bin/../lib/gcc/arm-none-eabi/7.3.1/../../../../arm-none-eabi/lib/thumb/v7e-m/fpv4-sp/hard/libc.a(lib_a-reallocr.o)
                0x000000000002eb08                _realloc_r
 .text.__swbuf_r
                0x000000000002ee64       0xb0 /usr/bin/../lib/gcc/arm-none-eabi/7.3.1/../../../../arm-none-eabi/lib/thumb/v7e-m/fpv4-sp/hard/libc.a(lib_a-wbuf.o)
                0x000000000002ee64                __swbuf_r
 .text._wcrtomb_r
                0x000000000002ef14       0x50 /usr/bin/../lib/gcc/arm-none-eabi/7.3.1/../../../../arm-none-eabi/lib/thumb/v7e-m/fpv4-sp/hard/libc.a(lib_a-wcrtomb.o)
                0x000000000002ef14                _wcrtomb_r
 .text._close   0x000000000002ef64       0x10 /usr/bin/../lib/gcc/arm-none-eabi/7.3.1/../../../../arm-none-eabi/lib/thumb/v7e-m/fpv4-sp/hard/libnosys.a(close.o)
                0x000000000002ef64                _close
 .text._fstat   0x000000000002ef74       0x10 /usr/bin/../lib/gcc/arm-none-eabi/7.3.1/../../../../arm-none-eabi/lib/thumb/v7e-m/fpv4-sp/hard/libnosys.a(fstat.o)
                0x000000000002ef74                _fstat
 .text._isatty  0x000000000002ef84       0x10 /usr/bin/../lib/gcc/arm-none-eabi/7.3.1/../../../../arm-none-eabi/lib/thumb/v7e-m/fpv4-sp/hard/libnosys.a(isatty.o)
                0x000000000002ef84                _isatty
 .text._lseek   0x000000000002ef94       0x10 /usr/bin/../lib/gcc/arm-none-eabi/7.3.1/../../../../arm-none-eabi/lib/thumb/v7e-m/fpv4-sp/hard/libnosys.a(lseek.o)
                0x000000000002ef94                _lseek
 .text._read    0x000000000002efa4       0x10 /usr/bin/../lib/gcc/arm-none-eabi/7.3.1/../../../../arm-none-eabi/lib/thumb/v7e-m/fpv4-sp/hard/libnosys.a(read.o)
                0x000000000002efa4                _read
 .text._sbrk    0x000000000002efb4       0x1c /usr/bin/../lib/gcc/arm-none-eabi/7.3.1/../../../../arm-none-eabi/lib/thumb/v7e-m/fpv4-sp/hard/libnosys.a(sbrk.o)
                0x000000000002efb4                _sbrk
 .text._exit    0x000000000002efd0        0x4 /usr/bin/../lib/gcc/arm-none-eabi/7.3.1/../../../../arm-none-eabi/lib/thumb/v7e-m/fpv4-sp/hard/libnosys.a(_exit.o)
                0x000000000002efd0                _exit
 .text          0x000000000002efd4      0x378 /usr/bin/../lib/gcc/arm-none-eabi/7.3.1/thumb/v7e-m/fpv4-sp/hard/libgcc.a(_arm_addsubdf3.o)
                0x000000000002efd4                __aeabi_drsub
                0x000000000002efdc                __aeabi_dsub
                0x000000000002efdc                __subdf3
                0x000000000002efe0                __adddf3
                0x000000000002efe0                __aeabi_dadd
                0x000000000002f258                __aeabi_ui2d
                0x000000000002f258                __floatunsidf
                0x000000000002f278                __floatsidf
                0x000000000002f278                __aeabi_i2d
                0x000000000002f29c                __extendsfdf2
                0x000000000002f29c                __aeabi_f2d
                0x000000000002f2e0                __aeabi_ul2d
                0x000000000002f2e0                __floatundidf
                0x000000000002f2f0                __floatdidf
                0x000000000002f2f0                __aeabi_l2d
 .text          0x000000000002f34c      0x424 /usr/bin/../lib/gcc/arm-none-eabi/7.3.1/thumb/v7e-m/fpv4-sp/hard/libgcc.a(_arm_muldivdf3.o)
                0x000000000002f34c                __aeabi_dmul
                0x000000000002f34c                __muldf3
                0x000000000002f5a0                __aeabi_ddiv
                0x000000000002f5a0                __divdf3
 .text          0x000000000002f770      0x110 /usr/bin/../lib/gcc/arm-none-eabi/7.3.1/thumb/v7e-m/fpv4-sp/hard/libgcc.a(_arm_cmpdf2.o)
                0x000000000002f770                __gtdf2
                0x000000000002f770                __gedf2
                0x000000000002f778                __ltdf2
                0x000000000002f778                __ledf2
                0x000000000002f780                __cmpdf2
                0x000000000002f780                __eqdf2
                0x000000000002f780                __nedf2
                0x000000000002f7fc                __aeabi_cdrcmple
                0x000000000002f80c                __aeabi_cdcmple
                0x000000000002f80c                __aeabi_cdcmpeq
                0x000000000002f81c                __aeabi_dcmpeq
                0x000000000002f830                __aeabi_dcmplt
                0x000000000002f844                __aeabi_dcmple
                0x000000000002f858                __aeabi_dcmpge
                0x000000000002f86c                __aeabi_dcmpgt
 .text          0x000000000002f880       0x2c /usr/bin/../lib/gcc/arm-none-eabi/7.3.1/thumb/v7e-m/fpv4-sp/hard/libgcc.a(_arm_unorddf2.o)
                0x000000000002f880                __aeabi_dcmpun
                0x000000000002f880                __unorddf2
 .text          0x000000000002f8ac       0x50 /usr/bin/../lib/gcc/arm-none-eabi/7.3.1/thumb/v7e-m/fpv4-sp/hard/libgcc.a(_arm_fixdfsi.o)
                0x000000000002f8ac                __fixdfsi
                0x000000000002f8ac                __aeabi_d2iz
 .text          0x000000000002f8fc       0x30 /usr/bin/../lib/gcc/arm-none-eabi/7.3.1/thumb/v7e-m/fpv4-sp/hard/libgcc.a(_aeabi_uldivmod.o)
                0x000000000002f8fc                __aeabi_uldivmod
 .text          0x000000000002f92c      0x2cc /usr/bin/../lib/gcc/arm-none-eabi/7.3.1/thumb/v7e-m/fpv4-sp/hard/libgcc.a(_udivmoddi4.o)
                0x000000000002f92c                __udivmoddi4
 .text          0x000000000002fbf8        0x4 /usr/bin/../lib/gcc/arm-none-eabi/7.3.1/thumb/v7e-m/fpv4-sp/hard/libgcc.a(_dvmd_tls.o)
                0x000000000002fbf8                __aeabi_ldiv0
                0x000000000002fbf8                __aeabi_idiv0
 *(.init)
 .init          0x000000000002fbfc        0x4 /usr/bin/../lib/gcc/arm-none-eabi/7.3.1/thumb/v7e-m/fpv4-sp/hard/crti.o
                0x000000000002fbfc                _init
 .init          0x000000000002fc00        0x8 /usr/bin/../lib/gcc/arm-none-eabi/7.3.1/thumb/v7e-m/fpv4-sp/hard/crtn.o
 *(.fini)
 .fini          0x000000000002fc08        0x4 /usr/bin/../lib/gcc/arm-none-eabi/7.3.1/thumb/v7e-m/fpv4-sp/hard/crti.o
                0x000000000002fc08                _fini
 .fini          0x000000000002fc0c        0x8 /usr/bin/../lib/gcc/arm-none-eabi/7.3.1/thumb/v7e-m/fpv4-sp/hard/crtn.o
 *crtbegin.o(.ctors)
 *crtbegin?.o(.ctors)
 *(EXCLUDE_FILE(*crtend.o *crtend?.o) .ctors)
 *(SORT_BY_NAME(.ctors.*))
 *(.ctors)
 *crtbegin.o(.dtors)
 *crtbegin?.o(.dtors)
 *(EXCLUDE_FILE(*crtend.o *crtend?.o) .dtors)
 *(SORT_BY_NAME(.dtors.*))
 *(.dtors)
 *(.rodata*)
 .rodata        0x000000000002fc14       0x14 _build/main.o
 *fill*         0x000000000002fc28        0x8 
 .rodata.delay_machine_code.9161
                0x000000000002fc30        0x6 _build/main.o
 *fill*         0x000000000002fc36        0x2 
 .rodata.m_pwm  0x000000000002fc38        0x8 _build/main.o
                0x000000000002fc38                m_pwm
 .rodata.m_pwm_m_pwm_timer
                0x000000000002fc40        0x8 _build/main.o
                0x000000000002fc40                m_pwm_m_pwm_timer
 .rodata.main.str1.1
                0x000000000002fc48        0x7 _build/main.o
 .rodata.app_error_fault_handler.str1.1
                0x000000000002fc4f       0xb7 _build/better_error_handling.o
 *fill*         0x000000000002fd06        0xa 
 .rodata.delay_machine_code.8629
                0x000000000002fd10        0x6 _build/better_error_handling.o
 .rodata._DoInit.str1.1
                0x000000000002fd16       0x14 _build/SEGGER_RTT.o
 .rodata.app_pwm_channel_duty_ticks_set.str1.1
                0x000000000002fd2a       0x9b _build/app_pwm.o
 .rodata.app_pwm_init.str1.1
                0x000000000002fdc5       0x87 _build/app_pwm.o
 *fill*         0x000000000002fe4c        0x4 
 .rodata.delay_machine_code.9273
                0x000000000002fe50        0x6 _build/app_timer.o
 .rodata.app_util_critical_region_enter.str1.1
                0x000000000002fe56       0x55 _build/app_util_platform.o
 .rodata.HardFault_c_handler.str1.1
                0x000000000002feab      0x12e _build/hardfault_implementation.o
 *fill*         0x000000000002ffd9        0x3 
 .rodata.cfsr_msgs.9468
                0x000000000002ffdc       0x68 _build/hardfault_implementation.o
 .rodata.str1.1
                0x0000000000030044      0x4c0 _build/hardfault_implementation.o
 .rodata.nrf_balloc_init.str1.1
                0x0000000000030504       0x50 _build/nrf_balloc.o
 .rodata.nrf_drv_clock_uninit.str1.1
                0x0000000000030554       0x4f _build/nrf_drv_clock.o
 .rodata.str1.1
                0x00000000000305a3        0x6 _build/nrf_drv_clock.o
 .rodata.str1.1
                0x00000000000305a9        0xd _build/nrf_fstorage.o
 .rodata.buf_prealloc.str1.1
                0x00000000000305b6       0x57 _build/nrf_log_frontend.o
 .rodata.nrf_log_frontend_dequeue.str1.1
                0x000000000003060d       0x11 _build/nrf_log_frontend.o
 .rodata.str1.1
                0x000000000003061e        0x4 _build/nrf_log_frontend.o
 .rodata.memobj_op.str1.1
                0x0000000000030622       0x50 _build/nrf_memobj.o
 .rodata.str1.1
                0x0000000000030672        0x9 _build/nrf_pwr_mgmt.o
 .rodata.nrf_section_iter_init.str1.1
                0x000000000003067b       0x69 _build/nrf_section_iter.o
 .rodata.m_unknown_str
                0x00000000000306e4       0x13 _build/nrf_strerror.o
 *fill*         0x00000000000306f7        0x1 
 .rodata.nrf_strerror_array
                0x00000000000306f8      0x128 _build/nrf_strerror.o
 .rodata.str1.1
                0x0000000000030820      0x3ba _build/nrf_strerror.o
 .rodata.nrfx_clock_init.str1.1
                0x0000000000030bda       0x4d _build/nrfx_clock.o
 .rodata.str1.1
                0x0000000000030c27        0x6 _build/nrfx_clock.o
 .rodata.nrf_gpio_pin_port_decode.isra.0.part.1.str1.1
                0x0000000000030c2d       0x43 _build/nrfx_gpiote.o
 .rodata.nrfx_gpiote_out_init.str1.1
                0x0000000000030c2d       0x4e _build/nrfx_gpiote.o
 .rodata.str1.1
                0x0000000000030c7b        0x7 _build/nrfx_gpiote.o
 .rodata.str1.1
                0x0000000000030c82        0x4 _build/nrfx_ppi.o
 .rodata.UARTE0_UART0_IRQHandler.str1.1
                0x0000000000030c86       0x4f _build/nrfx_prs.o
 .rodata.str1.1
                0x0000000000030cd5        0x4 _build/nrfx_prs.o
 .rodata.str1.1
                0x0000000000030cd9        0x4 _build/nrfx_pwm.o
 .rodata.str1.1
                0x0000000000030cdd        0x6 _build/nrfx_saadc.o
 .rodata.SPIM1_SPIS1_TWIM1_TWIS1_SPI1_TWI1_IRQHandler.str1.1
                0x0000000000030ce3       0x4c _build/nrfx_spim.o
 .rodata.nrf_gpio_pin_port_decode.isra.0.part.1.str1.1
                0x0000000000030d2f       0x43 _build/nrfx_spim.o
 .rodata.str1.1
                0x0000000000030d2f        0x5 _build/nrfx_spim.o
 .rodata.nrfx_timer_init.str1.1
                0x0000000000030d34       0x91 _build/nrfx_timer.o
 .rodata.str1.1
                0x0000000000030dc5        0x6 _build/nrfx_timer.o
 .rodata.SPIM0_SPIS0_TWIM0_TWIS0_SPI0_TWI0_IRQHandler.str1.1
                0x0000000000030dcb       0x4c _build/nrfx_twim.o
 .rodata.str1.1
                0x0000000000030e17        0x5 _build/nrfx_twim.o
 .rodata.str1.1
                0x0000000000030e1c        0x5 _build/nrfx_uart.o
 .rodata.str1.1
                0x0000000000030e21        0x6 _build/nrfx_uarte.o
 .rodata.data_length_update.str1.1
                0x0000000000030e27       0xdf _build/nrf_ble_gatt.o
 .rodata.nrf_ble_gatt_on_ble_evt.str1.1
                0x0000000000030f06       0x60 _build/nrf_ble_gatt.o
 .rodata.str1.1
                0x0000000000030f66        0xd _build/nrf_ble_gatt.o
 *fill*         0x0000000000030f73        0x1 
 .rodata.sdh_stack_observers
                0x0000000000030f74        0xc _build/nrf_sdh.o
 .rodata.str1.1
                0x0000000000030f80        0x8 _build/nrf_sdh.o
 .rodata.nrf_sdh_ble_evts_poll.part.0.str1.1
                0x0000000000030f88       0x52 _build/nrf_sdh_ble.o
 *fill*         0x0000000000030fda        0x2 
 .rodata.sdh_ble_observers
                0x0000000000030fdc        0xc _build/nrf_sdh_ble.o
 .rodata.str1.1
                0x0000000000030fe8        0xc _build/nrf_sdh_ble.o
 .rodata.assert_nrf_callback.str1.1
                0x0000000000030ff4       0x25 _build/simple_ble.o
 .rodata.on_ble_evt.str1.1
                0x0000000000031019       0x51 _build/simple_ble.o
 *fill*         0x000000000003106a        0x2 
 .rodata._global_impure_ptr
                0x000000000003106c        0x4 /usr/bin/../lib/gcc/arm-none-eabi/7.3.1/../../../../arm-none-eabi/lib/thumb/v7e-m/fpv4-sp/hard/libc.a(lib_a-impure.o)
                0x000000000003106c                _global_impure_ptr
 .rodata._setlocale_r.str1.4
                0x0000000000031070        0xa /usr/bin/../lib/gcc/arm-none-eabi/7.3.1/../../../../arm-none-eabi/lib/thumb/v7e-m/fpv4-sp/hard/libc.a(lib_a-locale.o)
                                          0xd (size before relaxing)
 *fill*         0x000000000003107a        0x2 
 .rodata.str1.4
                0x000000000003107c        0x2 /usr/bin/../lib/gcc/arm-none-eabi/7.3.1/../../../../arm-none-eabi/lib/thumb/v7e-m/fpv4-sp/hard/libc.a(lib_a-locale.o)
 *fill*         0x000000000003107e        0x2 
 .rodata._vfprintf_r.str1.4
                0x0000000000031080       0x42 /usr/bin/../lib/gcc/arm-none-eabi/7.3.1/../../../../arm-none-eabi/lib/thumb/v7e-m/fpv4-sp/hard/libc.a(lib_a-vfprintf.o)
 *fill*         0x00000000000310c2        0x2 
 .rodata.blanks.8605
                0x00000000000310c4       0x10 /usr/bin/../lib/gcc/arm-none-eabi/7.3.1/../../../../arm-none-eabi/lib/thumb/v7e-m/fpv4-sp/hard/libc.a(lib_a-vfprintf.o)
 .rodata.zeroes.8606
                0x00000000000310d4       0x10 /usr/bin/../lib/gcc/arm-none-eabi/7.3.1/../../../../arm-none-eabi/lib/thumb/v7e-m/fpv4-sp/hard/libc.a(lib_a-vfprintf.o)
 .rodata._ctype_
                0x00000000000310e4      0x101 /usr/bin/../lib/gcc/arm-none-eabi/7.3.1/../../../../arm-none-eabi/lib/thumb/v7e-m/fpv4-sp/hard/libc.a(lib_a-ctype_.o)
                0x00000000000310e4                _ctype_
 *fill*         0x00000000000311e5        0x3 
 .rodata._dtoa_r.str1.4
                0x00000000000311e8       0x10 /usr/bin/../lib/gcc/arm-none-eabi/7.3.1/../../../../arm-none-eabi/lib/thumb/v7e-m/fpv4-sp/hard/libc.a(lib_a-dtoa.o)
                                         0x12 (size before relaxing)
 .rodata.__mprec_bigtens
                0x00000000000311f8       0x28 /usr/bin/../lib/gcc/arm-none-eabi/7.3.1/../../../../arm-none-eabi/lib/thumb/v7e-m/fpv4-sp/hard/libc.a(lib_a-mprec.o)
                0x00000000000311f8                __mprec_bigtens
 .rodata.__mprec_tens
                0x0000000000031220       0xc8 /usr/bin/../lib/gcc/arm-none-eabi/7.3.1/../../../../arm-none-eabi/lib/thumb/v7e-m/fpv4-sp/hard/libc.a(lib_a-mprec.o)
                0x0000000000031220                __mprec_tens
 .rodata.p05.7367
                0x00000000000312e8        0xc /usr/bin/../lib/gcc/arm-none-eabi/7.3.1/../../../../arm-none-eabi/lib/thumb/v7e-m/fpv4-sp/hard/libc.a(lib_a-mprec.o)
 *(.eh_frame*)
 .eh_frame      0x00000000000312f4        0x0 /usr/bin/../lib/gcc/arm-none-eabi/7.3.1/thumb/v7e-m/fpv4-sp/hard/crtbegin.o
 .eh_frame      0x00000000000312f4        0x4 /usr/bin/../lib/gcc/arm-none-eabi/7.3.1/thumb/v7e-m/fpv4-sp/hard/crtend.o

.glue_7         0x00000000000312f8        0x0
 .glue_7        0x00000000000312f8        0x0 linker stubs

.glue_7t        0x00000000000312f8        0x0
 .glue_7t       0x00000000000312f8        0x0 linker stubs

.vfp11_veneer   0x00000000000312f8        0x0
 .vfp11_veneer  0x00000000000312f8        0x0 linker stubs

.v4_bx          0x00000000000312f8        0x0
 .v4_bx         0x00000000000312f8        0x0 linker stubs

.iplt           0x00000000000312f8        0x0
 .iplt          0x00000000000312f8        0x0 /usr/bin/../lib/gcc/arm-none-eabi/7.3.1/thumb/v7e-m/fpv4-sp/hard/crtbegin.o

.mem_section_dummy_rom

.sdh_soc_observers
                0x00000000000312f8       0x10
                [!provide]                        PROVIDE (__start_sdh_soc_observers = .)
 *(SORT_BY_NAME(.sdh_soc_observers*))
 .sdh_soc_observers0
                0x00000000000312f8        0x8 _build/nrf_drv_clock.o
 .sdh_soc_observers1
                0x0000000000031300        0x8 _build/simple_ble.o
                [!provide]                        PROVIDE (__stop_sdh_soc_observers = .)

.crypto_data    0x0000000000031308        0x0
                [!provide]                        PROVIDE (__start_crypto_data = .)
 *(SORT_BY_NAME(.crypto_data*))
                [!provide]                        PROVIDE (__stop_crypto_data = .)

.log_const_data
                0x0000000000031308       0x98
                0x0000000000031308                PROVIDE (__start_log_const_data = .)
 *(SORT_BY_NAME(.log_const_data*))
 .log_const_data_CLOCK
                0x0000000000031308        0x8 _build/nrfx_clock.o
                0x0000000000031308                m_nrf_log_CLOCK_logs_data_const
 .log_const_data_GPIOTE
                0x0000000000031310        0x8 _build/nrfx_gpiote.o
                0x0000000000031310                m_nrf_log_GPIOTE_logs_data_const
 .log_const_data_PPI
                0x0000000000031318        0x8 _build/nrfx_ppi.o
                0x0000000000031318                m_nrf_log_PPI_logs_data_const
 .log_const_data_PRS
                0x0000000000031320        0x8 _build/nrfx_prs.o
                0x0000000000031320                m_nrf_log_PRS_logs_data_const
 .log_const_data_PWM
                0x0000000000031328        0x8 _build/nrfx_pwm.o
                0x0000000000031328                m_nrf_log_PWM_logs_data_const
 .log_const_data_SAADC
                0x0000000000031330        0x8 _build/nrfx_saadc.o
                0x0000000000031330                m_nrf_log_SAADC_logs_data_const
 .log_const_data_SPIM
                0x0000000000031338        0x8 _build/nrfx_spim.o
                0x0000000000031338                m_nrf_log_SPIM_logs_data_const
 .log_const_data_TIMER
                0x0000000000031340        0x8 _build/nrfx_timer.o
                0x0000000000031340                m_nrf_log_TIMER_logs_data_const
 .log_const_data_TWIM
                0x0000000000031348        0x8 _build/nrfx_twim.o
                0x0000000000031348                m_nrf_log_TWIM_logs_data_const
 .log_const_data_UART
                0x0000000000031350        0x8 _build/nrfx_uart.o
                0x0000000000031350                m_nrf_log_UART_logs_data_const
 .log_const_data_UARTE
                0x0000000000031358        0x8 _build/nrfx_uarte.o
                0x0000000000031358                m_nrf_log_UARTE_logs_data_const
 .log_const_data_app
                0x0000000000031360        0x8 _build/nrf_log_frontend.o
                0x0000000000031360                m_nrf_log_app_logs_data_const
 .log_const_data_clock
                0x0000000000031368        0x8 _build/nrf_drv_clock.o
                0x0000000000031368                m_nrf_log_clock_logs_data_const
 .log_const_data_hardfault
                0x0000000000031370        0x8 _build/hardfault_implementation.o
                0x0000000000031370                m_nrf_log_hardfault_logs_data_const
 .log_const_data_nrf_ble_gatt
                0x0000000000031378        0x8 _build/nrf_ble_gatt.o
                0x0000000000031378                m_nrf_log_nrf_ble_gatt_logs_data_const
 .log_const_data_nrf_fstorage
                0x0000000000031380        0x8 _build/nrf_fstorage.o
                0x0000000000031380                m_nrf_log_nrf_fstorage_logs_data_const
 .log_const_data_nrf_sdh
                0x0000000000031388        0x8 _build/nrf_sdh.o
                0x0000000000031388                m_nrf_log_nrf_sdh_logs_data_const
 .log_const_data_nrf_sdh_ble
                0x0000000000031390        0x8 _build/nrf_sdh_ble.o
                0x0000000000031390                m_nrf_log_nrf_sdh_ble_logs_data_const
 .log_const_data_pwr_mgmt
                0x0000000000031398        0x8 _build/nrf_pwr_mgmt.o
                0x0000000000031398                m_nrf_log_pwr_mgmt_logs_data_const
                0x00000000000313a0                PROVIDE (__stop_log_const_data = .)

.nrf_balloc     0x00000000000313a0       0x14
                [!provide]                        PROVIDE (__start_nrf_balloc = .)
 *(.nrf_balloc)
 .nrf_balloc    0x00000000000313a0       0x14 _build/nrf_log_frontend.o
                0x00000000000313a0                log_mempool
                [!provide]                        PROVIDE (__stop_nrf_balloc = .)

.nrf_queue      0x00000000000313b4       0x28
                [!provide]                        PROVIDE (__start_nrf_queue = .)
 *(.nrf_queue)
 .nrf_queue     0x00000000000313b4       0x28 _build/kobukiUtilities.o
                0x00000000000313b4                serial_queues_txq
                0x00000000000313c8                serial_queues_rxq
                [!provide]                        PROVIDE (__stop_nrf_queue = .)

.sdh_state_observers
                0x00000000000313dc        0x8
                0x00000000000313dc                PROVIDE (__start_sdh_state_observers = .)
 *(SORT_BY_NAME(.sdh_state_observers*))
 .sdh_state_observers0
                0x00000000000313dc        0x8 _build/nrf_drv_clock.o
                0x00000000000313e4                PROVIDE (__stop_sdh_state_observers = .)

.sdh_stack_observers
                0x00000000000313e4        0x8
                0x00000000000313e4                PROVIDE (__start_sdh_stack_observers = .)
 *(SORT_BY_NAME(.sdh_stack_observers*))
 .sdh_stack_observers0
                0x00000000000313e4        0x8 _build/nrf_sdh_ble.o
                0x00000000000313ec                PROVIDE (__stop_sdh_stack_observers = .)

.sdh_req_observers
                0x00000000000313ec        0x0
                0x00000000000313ec                PROVIDE (__start_sdh_req_observers = .)
 *(SORT_BY_NAME(.sdh_req_observers*))
                0x00000000000313ec                PROVIDE (__stop_sdh_req_observers = .)

.cli_command    0x00000000000313ec        0x0
                [!provide]                        PROVIDE (__start_cli_command = .)
 *(.cli_command)
                [!provide]                        PROVIDE (__stop_cli_command = .)

.pwr_mgmt_data  0x00000000000313ec        0x0
                0x00000000000313ec                PROVIDE (__start_pwr_mgmt_data = .)
 *(SORT_BY_NAME(.pwr_mgmt_data*))
                0x00000000000313ec                PROVIDE (__stop_pwr_mgmt_data = .)

.sdh_ble_observers
                0x00000000000313ec       0x28
                0x00000000000313ec                PROVIDE (__start_sdh_ble_observers = .)
 *(SORT_BY_NAME(.sdh_ble_observers*))
 .sdh_ble_observers1
                0x00000000000313ec        0x8 _build/ble_conn_params.o
 .sdh_ble_observers1
                0x00000000000313f4       0x10 _build/simple_ble.o
 .sdh_ble_observers2
                0x0000000000031404        0x8 _build/simple_ble.o
 .sdh_ble_observers3
                0x000000000003140c        0x8 _build/simple_ble.o
                0x0000000000031414                PROVIDE (__stop_sdh_ble_observers = .)

.dfu_trans      0x0000000000031414        0x0
                [!provide]                        PROVIDE (__start_dfu_trans = .)
 *(SORT_BY_NAME(.dfu_trans*))
                [!provide]                        PROVIDE (__stop_dfu_trans = .)

.ARM.extab
 *(.ARM.extab* .gnu.linkonce.armextab.*)
                0x0000000000031414                __exidx_start = .

.ARM.exidx      0x0000000000031414        0x8
 *(.ARM.exidx* .gnu.linkonce.armexidx.*)
 .ARM.exidx     0x0000000000031414        0x8 /usr/bin/../lib/gcc/arm-none-eabi/7.3.1/../../../../arm-none-eabi/lib/thumb/v7e-m/fpv4-sp/hard/crt0.o
 .ARM.exidx     0x000000000003141c        0x0 /usr/bin/../lib/gcc/arm-none-eabi/7.3.1/thumb/v7e-m/fpv4-sp/hard/libgcc.a(_udivmoddi4.o)
                                          0x8 (size before relaxing)
                0x000000000003141c                __exidx_end = .
                0x000000000003141c                __etext = .

.rel.dyn        0x000000000003141c        0x0
 .rel.iplt      0x000000000003141c        0x0 /usr/bin/../lib/gcc/arm-none-eabi/7.3.1/thumb/v7e-m/fpv4-sp/hard/crtbegin.o

.data           0x00000000200098a8      0x9c8 load address 0x000000000003141c
                0x00000000200098a8                __data_start__ = .
 *(vtable)
 *(.data*)
 .data.m_scan_buffer
                0x00000000200098a8        0x8 _build/simple_ble.o
 .data.SystemCoreClock
                0x00000000200098b0        0x4 _build/system_nrf52.o
                0x00000000200098b0                SystemCoreClock
 .data._impure_ptr
                0x00000000200098b4        0x4 /usr/bin/../lib/gcc/arm-none-eabi/7.3.1/../../../../arm-none-eabi/lib/thumb/v7e-m/fpv4-sp/hard/libc.a(lib_a-impure.o)
                0x00000000200098b4                _impure_ptr
 .data.impure_data
                0x00000000200098b8      0x428 /usr/bin/../lib/gcc/arm-none-eabi/7.3.1/../../../../arm-none-eabi/lib/thumb/v7e-m/fpv4-sp/hard/libc.a(lib_a-impure.o)
 .data.__global_locale
                0x0000000020009ce0      0x16c /usr/bin/../lib/gcc/arm-none-eabi/7.3.1/../../../../arm-none-eabi/lib/thumb/v7e-m/fpv4-sp/hard/libc.a(lib_a-locale.o)
                0x0000000020009ce0                __global_locale
 .data.__atexit_recursive_mutex
                0x0000000020009e4c        0x4 /usr/bin/../lib/gcc/arm-none-eabi/7.3.1/../../../../arm-none-eabi/lib/thumb/v7e-m/fpv4-sp/hard/libc.a(lib_a-__call_atexit.o)
                0x0000000020009e4c                __atexit_recursive_mutex
 .data.__malloc_av_
                0x0000000020009e50      0x408 /usr/bin/../lib/gcc/arm-none-eabi/7.3.1/../../../../arm-none-eabi/lib/thumb/v7e-m/fpv4-sp/hard/libc.a(lib_a-mallocr.o)
                0x0000000020009e50                __malloc_av_
 .data.__malloc_sbrk_base
                0x000000002000a258        0x4 /usr/bin/../lib/gcc/arm-none-eabi/7.3.1/../../../../arm-none-eabi/lib/thumb/v7e-m/fpv4-sp/hard/libc.a(lib_a-mallocr.o)
                0x000000002000a258                __malloc_sbrk_base
 .data.__malloc_trim_threshold
                0x000000002000a25c        0x4 /usr/bin/../lib/gcc/arm-none-eabi/7.3.1/../../../../arm-none-eabi/lib/thumb/v7e-m/fpv4-sp/hard/libc.a(lib_a-mallocr.o)
                0x000000002000a25c                __malloc_trim_threshold
                0x000000002000a260                . = ALIGN (0x4)
                0x000000002000a260                PROVIDE (__preinit_array_start = .)
 *(.preinit_array)
                0x000000002000a260                PROVIDE (__preinit_array_end = .)
                0x000000002000a260                . = ALIGN (0x4)
                0x000000002000a260                PROVIDE (__init_array_start = .)
 *(SORT_BY_NAME(.init_array.*))
 .init_array.00000
                0x000000002000a260        0x4 /usr/bin/../lib/gcc/arm-none-eabi/7.3.1/../../../../arm-none-eabi/lib/thumb/v7e-m/fpv4-sp/hard/libc.a(lib_a-__call_atexit.o)
 *(.init_array)
 .init_array    0x000000002000a264        0x4 /usr/bin/../lib/gcc/arm-none-eabi/7.3.1/thumb/v7e-m/fpv4-sp/hard/crtbegin.o
 .init_array    0x000000002000a268        0x4 _build/before_startup.o
                0x000000002000a26c                PROVIDE (__init_array_end = .)
                0x000000002000a26c                . = ALIGN (0x4)
                0x000000002000a26c                PROVIDE (__fini_array_start = .)
 *(SORT_BY_NAME(.fini_array.*))
 *(.fini_array)
 .fini_array    0x000000002000a26c        0x4 /usr/bin/../lib/gcc/arm-none-eabi/7.3.1/thumb/v7e-m/fpv4-sp/hard/crtbegin.o
                0x000000002000a270                PROVIDE (__fini_array_end = .)
 *(.jcr*)
                0x000000002000a270                . = ALIGN (0x4)
                0x000000002000a270                __data_end__ = .
LOAD /usr/bin/../lib/gcc/arm-none-eabi/7.3.1/thumb/v7e-m/fpv4-sp/hard/crti.o
LOAD /usr/bin/../lib/gcc/arm-none-eabi/7.3.1/thumb/v7e-m/fpv4-sp/hard/crtbegin.o
LOAD /usr/bin/../lib/gcc/arm-none-eabi/7.3.1/../../../../arm-none-eabi/lib/thumb/v7e-m/fpv4-sp/hard/crt0.o
START GROUP
LOAD _build/main.o
LOAD _build/display.o
LOAD _build/mpu9250.o
LOAD _build/kobukiUART.o
LOAD _build/kobukiSensor.o
LOAD _build/kobukiUtilities.o
LOAD _build/kobukiSensorPoll.o
LOAD _build/kobukiActuator.o
LOAD _build/better_error_handling.o
LOAD _build/max44009.o
LOAD _build/lsm9ds1.o
LOAD _build/opt3004.o
LOAD _build/SEGGER_RTT.o
LOAD _build/SEGGER_RTT_Syscalls_GCC.o
LOAD _build/SEGGER_RTT_printf.o
LOAD _build/app_error.o
LOAD _build/app_error_handler_gcc.o
LOAD _build/app_pwm.o
LOAD _build/app_scheduler.o
LOAD _build/app_timer.o
LOAD _build/app_uart.o
LOAD _build/app_util_platform.o
LOAD _build/before_startup.o
LOAD _build/ff.o
LOAD _build/hardfault_handler_gcc.o
LOAD _build/hardfault_implementation.o
LOAD _build/mmc_nrf.o
LOAD _build/nrf_assert.o
LOAD _build/nrf_atomic.o
LOAD _build/nrf_balloc.o
LOAD _build/nrf_drv_clock.o
LOAD _build/nrf_drv_ppi.o
LOAD _build/nrf_drv_spi.o
LOAD _build/nrf_drv_twi.o
LOAD _build/nrf_drv_uart.o
LOAD _build/nrf_fprintf.o
LOAD _build/nrf_fprintf_format.o
LOAD _build/nrf_fstorage.o
LOAD _build/nrf_log_backend_rtt.o
LOAD _build/nrf_log_backend_serial.o
LOAD _build/nrf_log_backend_uart.o
LOAD _build/nrf_log_default_backends.o
LOAD _build/nrf_log_frontend.o
LOAD _build/nrf_log_str_formatter.o
LOAD _build/nrf_memobj.o
LOAD _build/nrf_pwr_mgmt.o
LOAD _build/nrf_ringbuf.o
LOAD _build/nrf_queue.o
LOAD _build/nrf_section_iter.o
LOAD _build/nrf_serial.o
LOAD _build/nrf_strerror.o
LOAD _build/nrf_twi_mngr.o
LOAD _build/nrfx_clock.o
LOAD _build/nrfx_gpiote.o
LOAD _build/nrfx_ppi.o
LOAD _build/nrfx_prs.o
LOAD _build/nrfx_pwm.o
LOAD _build/nrfx_saadc.o
LOAD _build/nrfx_spi.o
LOAD _build/nrfx_spim.o
LOAD _build/nrfx_timer.o
LOAD _build/nrfx_twi.o
LOAD _build/nrfx_twim.o
LOAD _build/nrfx_uart.o
LOAD _build/nrfx_uarte.o
LOAD _build/simple_logger.o
LOAD _build/ble_advdata.o
LOAD _build/ble_advertising.o
LOAD _build/ble_conn_params.o
LOAD _build/ble_srv_common.o
LOAD _build/nrf_ble_gatt.o
LOAD _build/nrf_ble_qwr.o
LOAD _build/nrf_sdh.o
LOAD _build/nrf_sdh_ble.o
LOAD _build/simple_ble.o
LOAD _build/system_nrf52.o
LOAD _build/app_error_weak.o
LOAD _build/gcc_startup_nrf52.os
LOAD /usr/bin/../lib/gcc/arm-none-eabi/7.3.1/../../../../arm-none-eabi/lib/thumb/v7e-m/fpv4-sp/hard/libc.a
LOAD /usr/bin/../lib/gcc/arm-none-eabi/7.3.1/../../../../arm-none-eabi/lib/thumb/v7e-m/fpv4-sp/hard/libnosys.a
LOAD /usr/bin/../lib/gcc/arm-none-eabi/7.3.1/../../../../arm-none-eabi/lib/thumb/v7e-m/fpv4-sp/hard/libm.a
LOAD /usr/bin/../lib/gcc/arm-none-eabi/7.3.1/../../../../arm-none-eabi/lib/thumb/v7e-m/fpv4-sp/hard/libstdc++.a
END GROUP
START GROUP
LOAD /usr/bin/../lib/gcc/arm-none-eabi/7.3.1/thumb/v7e-m/fpv4-sp/hard/libgcc.a
LOAD /usr/bin/../lib/gcc/arm-none-eabi/7.3.1/../../../../arm-none-eabi/lib/thumb/v7e-m/fpv4-sp/hard/libc.a
END GROUP
LOAD /usr/bin/../lib/gcc/arm-none-eabi/7.3.1/thumb/v7e-m/fpv4-sp/hard/crtend.o
LOAD /usr/bin/../lib/gcc/arm-none-eabi/7.3.1/thumb/v7e-m/fpv4-sp/hard/crtn.o
START GROUP
LOAD /usr/bin/../lib/gcc/arm-none-eabi/7.3.1/thumb/v7e-m/fpv4-sp/hard/libgcc.a
LOAD /usr/bin/../lib/gcc/arm-none-eabi/7.3.1/../../../../arm-none-eabi/lib/thumb/v7e-m/fpv4-sp/hard/libc.a
LOAD /usr/bin/../lib/gcc/arm-none-eabi/7.3.1/../../../../arm-none-eabi/lib/thumb/v7e-m/fpv4-sp/hard/libnosys.a
END GROUP

.igot.plt       0x000000002000a270        0x0 load address 0x0000000000031de4
 .igot.plt      0x000000002000a270        0x0 /usr/bin/../lib/gcc/arm-none-eabi/7.3.1/thumb/v7e-m/fpv4-sp/hard/crtbegin.o

.bootloader_settings_page
                0x000000000007f000        0x0
                [!provide]                        PROVIDE (__start_bootloader_settings_page = .)
 *(SORT_BY_NAME(.bootloader_settings_page*))
                [!provide]                        PROVIDE (__stop_bootloader_settings_page = .)

.uicr_bootloader_start_address
                0x0000000010001014        0x0
                [!provide]                        PROVIDE (__start_uicr_bootloader_start_address = .)
 *(SORT_BY_NAME(.uicr_bootloader_start_address*))
                [!provide]                        PROVIDE (__stop_uicr_bootloader_start_address = .)
                0x0000000010001014                . = ALIGN (0x4)

.mem_section_dummy_ram

.log_dynamic_data
                0x000000002000a270        0x0
                0x000000002000a270                PROVIDE (__start_log_dynamic_data = .)
 *(SORT_BY_NAME(.log_dynamic_data*))
                [!provide]                        PROVIDE (__stop_log_dynamic_data = .)

.cli_sorted_cmd_ptrs
                0x000000002000a270        0x0
                [!provide]                        PROVIDE (__start_cli_sorted_cmd_ptrs = .)
 *(.cli_sorted_cmd_ptrs)
                [!provide]                        PROVIDE (__stop_cli_sorted_cmd_ptrs = .)

.fs_data        0x000000002000a270        0x0
                0x000000002000a270                PROVIDE (__start_fs_data = .)
 *(.fs_data)
                0x000000002000a270                PROVIDE (__stop_fs_data = .)

.bss            0x000000002000a270     0x11c4 load address 0x0000000000031de4
                0x000000002000a270                . = ALIGN (0x4)
                0x000000002000a270                __bss_start__ = .
 *(.bss*)
 .bss           0x000000002000a270       0x1c /usr/bin/../lib/gcc/arm-none-eabi/7.3.1/thumb/v7e-m/fpv4-sp/hard/crtbegin.o
 .bss.ready_flag
                0x000000002000a28c        0x1 _build/main.o
 .bss.serial_queues_rxq_nrf_queue_buffer
                0x000000002000a28d      0x201 _build/kobukiUtilities.o
 *fill*         0x000000002000a48e        0x2 
 .bss.serial_queues_rxq_nrf_queue_cb
                0x000000002000a490        0xc _build/kobukiUtilities.o
 .bss.serial_queues_txq_nrf_queue_buffer
                0x000000002000a49c      0x201 _build/kobukiUtilities.o
 *fill*         0x000000002000a69d        0x3 
 .bss.serial_queues_txq_nrf_queue_cb
                0x000000002000a6a0        0xc _build/kobukiUtilities.o
 .bss._acDownBuffer
                0x000000002000a6ac       0x10 _build/SEGGER_RTT.o
 .bss._acUpBuffer
                0x000000002000a6bc      0x200 _build/SEGGER_RTT.o
 .bss.m_instances
                0x000000002000a8bc       0x14 _build/app_pwm.o
 .bss.m_pwm_busy
                0x000000002000a8d0        0x5 _build/app_pwm.o
 *fill*         0x000000002000a8d5        0x3 
 .bss.m_pwm_target_value
                0x000000002000a8d8       0x14 _build/app_pwm.o
 .bss.m_use_ppi_delay_workaround
                0x000000002000a8ec        0x1 _build/app_pwm.o
 *fill*         0x000000002000a8ed        0x3 
 .bss.m_op_queue
                0x000000002000a8f0      0x10c _build/app_timer.o
 .bss.m_rtc1_reset
                0x000000002000a9fc        0x1 _build/app_timer.o
 .bss.m_rtc1_running
                0x000000002000a9fd        0x1 _build/app_timer.o
 *fill*         0x000000002000a9fe        0x2 
 .bss.m_ticks_elapsed
                0x000000002000aa00        0x8 _build/app_timer.o
 .bss.m_ticks_elapsed_q_read_ind
                0x000000002000aa08        0x1 _build/app_timer.o
 .bss.m_ticks_elapsed_q_write_ind
                0x000000002000aa09        0x1 _build/app_timer.o
 *fill*         0x000000002000aa0a        0x2 
 .bss.m_ticks_latest
                0x000000002000aa0c        0x4 _build/app_timer.o
 .bss.mp_timer_id_head
                0x000000002000aa10        0x4 _build/app_timer.o
 .bss.m_clock_cb
                0x000000002000aa14       0x14 _build/nrf_drv_clock.o
 .bss.m_drv_state
                0x000000002000aa28        0x1 _build/nrf_drv_ppi.o
 *fill*         0x000000002000aa29        0x3 
 .bss.log_mempool_nrf_balloc_cb
                0x000000002000aa2c        0x8 _build/nrf_log_frontend.o
 .bss.log_mempool_nrf_balloc_pool_mem
                0x000000002000aa34       0xc0 _build/nrf_log_frontend.o
 .bss.log_mempool_nrf_balloc_pool_stack
                0x000000002000aaf4        0x8 _build/nrf_log_frontend.o
 .bss.m_log_data
                0x000000002000aafc      0x424 _build/nrf_log_frontend.o
 .bss.m_clock_cb
                0x000000002000af20        0x8 _build/nrfx_clock.o
 .bss.m_cb      0x000000002000af28       0x5c _build/nrfx_gpiote.o
 .bss.m_channels_allocated
                0x000000002000af84        0x4 _build/nrfx_ppi.o
 .bss.m_prs_box_4
                0x000000002000af88        0x8 _build/nrfx_prs.o
 .bss.m_cb      0x000000002000af90       0x18 _build/nrfx_pwm.o
 .bss.m_cb      0x000000002000afa8       0x30 _build/nrfx_saadc.o
 .bss.m_cb      0x000000002000afd8       0x24 _build/nrfx_spim.o
 .bss.m_cb      0x000000002000affc       0x18 _build/nrfx_timer.o
 .bss.m_cb      0x000000002000b014       0x34 _build/nrfx_twim.o
 .bss.m_conn_params_config
                0x000000002000b048       0x1c _build/ble_conn_params.o
 .bss.m_conn_params_instances
                0x000000002000b064       0x14 _build/ble_conn_params.o
 .bss.m_preferred_conn_params
                0x000000002000b078        0x8 _build/ble_conn_params.o
 .bss.m_nrf_sdh_enabled
                0x000000002000b080        0x1 _build/nrf_sdh.o
 .bss.m_stack_is_enabled
                0x000000002000b081        0x1 _build/nrf_sdh_ble.o
 *fill*         0x000000002000b082        0x2 
 .bss.m_advertising
                0x000000002000b084      0x258 _build/simple_ble.o
 .bss.m_gatt    0x000000002000b2dc       0x14 _build/simple_ble.o
 .bss.m_qwr     0x000000002000b2f0        0xc _build/simple_ble.o
 .bss.scan_buffer
                0x000000002000b2fc       0x1f _build/simple_ble.o
 *fill*         0x000000002000b31b        0x1 
 .bss.__malloc_current_mallinfo
                0x000000002000b31c       0x28 /usr/bin/../lib/gcc/arm-none-eabi/7.3.1/../../../../arm-none-eabi/lib/thumb/v7e-m/fpv4-sp/hard/libc.a(lib_a-mallocr.o)
                0x000000002000b31c                __malloc_current_mallinfo
 .bss.__malloc_max_sbrked_mem
                0x000000002000b344        0x4 /usr/bin/../lib/gcc/arm-none-eabi/7.3.1/../../../../arm-none-eabi/lib/thumb/v7e-m/fpv4-sp/hard/libc.a(lib_a-mallocr.o)
                0x000000002000b344                __malloc_max_sbrked_mem
 .bss.__malloc_max_total_mem
                0x000000002000b348        0x4 /usr/bin/../lib/gcc/arm-none-eabi/7.3.1/../../../../arm-none-eabi/lib/thumb/v7e-m/fpv4-sp/hard/libc.a(lib_a-mallocr.o)
                0x000000002000b348                __malloc_max_total_mem
 .bss.__malloc_top_pad
                0x000000002000b34c        0x4 /usr/bin/../lib/gcc/arm-none-eabi/7.3.1/../../../../arm-none-eabi/lib/thumb/v7e-m/fpv4-sp/hard/libc.a(lib_a-mallocr.o)
                0x000000002000b34c                __malloc_top_pad
 .bss.heap_end.5377
                0x000000002000b350        0x4 /usr/bin/../lib/gcc/arm-none-eabi/7.3.1/../../../../arm-none-eabi/lib/thumb/v7e-m/fpv4-sp/hard/libnosys.a(sbrk.o)
 *(COMMON)
 COMMON         0x000000002000b354       0x24 _build/main.o
                0x000000002000b354                m_pwm_m_pwm_cb
 COMMON         0x000000002000b378       0x78 _build/SEGGER_RTT.o
                0x000000002000b378                _SEGGER_RTT
 COMMON         0x000000002000b3f0        0xa _build/app_pwm.o
                0x000000002000b3f0                m_pwm_ready_counter
 *fill*         0x000000002000b3fa        0x2 
 COMMON         0x000000002000b3fc        0xc _build/app_util_platform.o
                0x000000002000b3fc                nrf_nvic_state
 COMMON         0x000000002000b408        0x2 _build/simple_ble.o
                0x000000002000b408                app
 *fill*         0x000000002000b40a        0x2 
 COMMON         0x000000002000b40c       0x21 /usr/bin/../lib/gcc/arm-none-eabi/7.3.1/../../../../arm-none-eabi/lib/thumb/v7e-m/fpv4-sp/hard/libc.a(lib_a-lock.o)
                0x000000002000b40c                __lock___atexit_recursive_mutex
                0x000000002000b410                __lock___arc4random_mutex
                0x000000002000b414                __lock___env_recursive_mutex
                0x000000002000b418                __lock___sinit_recursive_mutex
                0x000000002000b41c                __lock___malloc_recursive_mutex
                0x000000002000b420                __lock___at_quick_exit_mutex
                0x000000002000b424                __lock___dd_hash_mutex
                0x000000002000b428                __lock___tz_mutex
                0x000000002000b42c                __lock___sfp_recursive_mutex
 *fill*         0x000000002000b42d        0x3 
 COMMON         0x000000002000b430        0x4 /usr/bin/../lib/gcc/arm-none-eabi/7.3.1/../../../../arm-none-eabi/lib/thumb/v7e-m/fpv4-sp/hard/libc.a(lib_a-reent.o)
                0x000000002000b430                errno
                0x000000002000b434                . = ALIGN (0x4)
                0x000000002000b434                __bss_end__ = .

.heap           0x000000002000b438     0x2000
                0x000000002000b438                __HeapBase = .
                0x000000002000b438                __end__ = .
                0x000000002000b438                PROVIDE (end = .)
 *(.heap*)
 .heap          0x000000002000b438     0x2000 _build/gcc_startup_nrf52.os
                0x000000002000d438                __HeapLimit = .

.stack_dummy    0x000000002000b438     0x2000
 *(.stack*)
 .stack         0x000000002000b438     0x2000 _build/gcc_startup_nrf52.os
                0x0000000020010000                __StackTop = (ORIGIN (RAM) + LENGTH (RAM))
                0x000000002000e000                __StackLimit = (__StackTop - SIZEOF (.stack_dummy))
                0x0000000020010000                PROVIDE (__stack = __StackTop)
                0x0000000000000001                ASSERT ((__StackLimit >= __HeapLimit), region RAM overflowed with stack)
                0x00000000000009c8                DataInitFlashUsed = (__bss_start__ - __data_start__)
                0x000000000000b41c                CodeFlashUsed = (__etext - ORIGIN (FLASH))
                0x000000000000bde4                TotalFlashUsed = (CodeFlashUsed + DataInitFlashUsed)
                0x0000000000000001                ASSERT ((TotalFlashUsed <= LENGTH (FLASH)), region FLASH overflowed with .data and user data)
OUTPUT(_build/ble_sdac_rover_sdk15_s132.elf elf32-littlearm)

.ARM.attributes
                0x0000000000000000       0x30
 .ARM.attributes
                0x0000000000000000       0x22 /usr/bin/../lib/gcc/arm-none-eabi/7.3.1/thumb/v7e-m/fpv4-sp/hard/crti.o
 .ARM.attributes
                0x0000000000000022       0x34 /usr/bin/../lib/gcc/arm-none-eabi/7.3.1/thumb/v7e-m/fpv4-sp/hard/crtbegin.o
 .ARM.attributes
                0x0000000000000056       0x20 /usr/bin/../lib/gcc/arm-none-eabi/7.3.1/../../../../arm-none-eabi/lib/thumb/v7e-m/fpv4-sp/hard/crt0.o
 .ARM.attributes
                0x0000000000000076       0x39 _build/main.o
 .ARM.attributes
                0x00000000000000af       0x39 _build/kobukiUtilities.o
 .ARM.attributes
                0x00000000000000e8       0x39 _build/better_error_handling.o
 .ARM.attributes
                0x0000000000000121       0x39 _build/SEGGER_RTT.o
 .ARM.attributes
                0x000000000000015a       0x39 _build/SEGGER_RTT_Syscalls_GCC.o
 .ARM.attributes
                0x0000000000000193       0x39 _build/app_error_handler_gcc.o
 .ARM.attributes
                0x00000000000001cc       0x39 _build/app_pwm.o
 .ARM.attributes
                0x0000000000000205       0x39 _build/app_timer.o
 .ARM.attributes
                0x000000000000023e       0x39 _build/app_util_platform.o
 .ARM.attributes
                0x0000000000000277       0x39 _build/before_startup.o
 .ARM.attributes
                0x00000000000002b0       0x39 _build/hardfault_handler_gcc.o
 .ARM.attributes
                0x00000000000002e9       0x39 _build/hardfault_implementation.o
 .ARM.attributes
                0x0000000000000322       0x39 _build/nrf_atomic.o
 .ARM.attributes
                0x000000000000035b       0x39 _build/nrf_balloc.o
 .ARM.attributes
                0x0000000000000394       0x39 _build/nrf_drv_clock.o
 .ARM.attributes
                0x00000000000003cd       0x39 _build/nrf_drv_ppi.o
 .ARM.attributes
                0x0000000000000406       0x39 _build/nrf_fstorage.o
 .ARM.attributes
                0x000000000000043f       0x39 _build/nrf_log_frontend.o
 .ARM.attributes
                0x0000000000000478       0x39 _build/nrf_memobj.o
 .ARM.attributes
                0x00000000000004b1       0x39 _build/nrf_pwr_mgmt.o
 .ARM.attributes
                0x00000000000004ea       0x39 _build/nrf_section_iter.o
 .ARM.attributes
                0x0000000000000523       0x39 _build/nrf_strerror.o
 .ARM.attributes
                0x000000000000055c       0x39 _build/nrfx_clock.o
 .ARM.attributes
                0x0000000000000595       0x39 _build/nrfx_gpiote.o
 .ARM.attributes
                0x00000000000005ce       0x39 _build/nrfx_ppi.o
 .ARM.attributes
                0x0000000000000607       0x39 _build/nrfx_prs.o
 .ARM.attributes
                0x0000000000000640       0x39 _build/nrfx_pwm.o
 .ARM.attributes
                0x0000000000000679       0x39 _build/nrfx_saadc.o
 .ARM.attributes
                0x00000000000006b2       0x39 _build/nrfx_spim.o
 .ARM.attributes
                0x00000000000006eb       0x39 _build/nrfx_timer.o
 .ARM.attributes
                0x0000000000000724       0x39 _build/nrfx_twim.o
 .ARM.attributes
                0x000000000000075d       0x39 _build/nrfx_uart.o
 .ARM.attributes
                0x0000000000000796       0x39 _build/nrfx_uarte.o
 .ARM.attributes
                0x00000000000007cf       0x39 _build/ble_advdata.o
 .ARM.attributes
                0x0000000000000808       0x39 _build/ble_advertising.o
 .ARM.attributes
                0x0000000000000841       0x39 _build/ble_conn_params.o
 .ARM.attributes
                0x000000000000087a       0x39 _build/ble_srv_common.o
 .ARM.attributes
                0x00000000000008b3       0x39 _build/nrf_ble_gatt.o
 .ARM.attributes
                0x00000000000008ec       0x39 _build/nrf_ble_qwr.o
 .ARM.attributes
                0x0000000000000925       0x39 _build/nrf_sdh.o
 .ARM.attributes
                0x000000000000095e       0x39 _build/nrf_sdh_ble.o
 .ARM.attributes
                0x0000000000000997       0x39 _build/simple_ble.o
 .ARM.attributes
                0x00000000000009d0       0x39 _build/system_nrf52.o
 .ARM.attributes
                0x0000000000000a09       0x1c _build/gcc_startup_nrf52.os
 .ARM.attributes
                0x0000000000000a25       0x34 /usr/bin/../lib/gcc/arm-none-eabi/7.3.1/../../../../arm-none-eabi/lib/thumb/v7e-m/fpv4-sp/hard/libc.a(lib_a-exit.o)
 .ARM.attributes
                0x0000000000000a59       0x34 /usr/bin/../lib/gcc/arm-none-eabi/7.3.1/../../../../arm-none-eabi/lib/thumb/v7e-m/fpv4-sp/hard/libc.a(lib_a-impure.o)
 .ARM.attributes
                0x0000000000000a8d       0x34 /usr/bin/../lib/gcc/arm-none-eabi/7.3.1/../../../../arm-none-eabi/lib/thumb/v7e-m/fpv4-sp/hard/libc.a(lib_a-init.o)
 .ARM.attributes
                0x0000000000000ac1       0x34 /usr/bin/../lib/gcc/arm-none-eabi/7.3.1/../../../../arm-none-eabi/lib/thumb/v7e-m/fpv4-sp/hard/libc.a(lib_a-locale.o)
 .ARM.attributes
                0x0000000000000af5       0x34 /usr/bin/../lib/gcc/arm-none-eabi/7.3.1/../../../../arm-none-eabi/lib/thumb/v7e-m/fpv4-sp/hard/libc.a(lib_a-mbtowc_r.o)
 .ARM.attributes
                0x0000000000000b29       0x20 /usr/bin/../lib/gcc/arm-none-eabi/7.3.1/../../../../arm-none-eabi/lib/thumb/v7e-m/fpv4-sp/hard/libc.a(lib_a-memcpy.o)
 .ARM.attributes
                0x0000000000000b49       0x34 /usr/bin/../lib/gcc/arm-none-eabi/7.3.1/../../../../arm-none-eabi/lib/thumb/v7e-m/fpv4-sp/hard/libc.a(lib_a-memset.o)
 .ARM.attributes
                0x0000000000000b7d       0x34 /usr/bin/../lib/gcc/arm-none-eabi/7.3.1/../../../../arm-none-eabi/lib/thumb/v7e-m/fpv4-sp/hard/libc.a(lib_a-printf.o)
 .ARM.attributes
                0x0000000000000bb1       0x34 /usr/bin/../lib/gcc/arm-none-eabi/7.3.1/../../../../arm-none-eabi/lib/thumb/v7e-m/fpv4-sp/hard/libc.a(lib_a-setbuf.o)
 .ARM.attributes
                0x0000000000000be5       0x34 /usr/bin/../lib/gcc/arm-none-eabi/7.3.1/../../../../arm-none-eabi/lib/thumb/v7e-m/fpv4-sp/hard/libc.a(lib_a-setvbuf.o)
 .ARM.attributes
                0x0000000000000c19       0x34 /usr/bin/../lib/gcc/arm-none-eabi/7.3.1/../../../../arm-none-eabi/lib/thumb/v7e-m/fpv4-sp/hard/libc.a(lib_a-strcpy.o)
 .ARM.attributes
                0x0000000000000c4d       0x20 /usr/bin/../lib/gcc/arm-none-eabi/7.3.1/../../../../arm-none-eabi/lib/thumb/v7e-m/fpv4-sp/hard/libc.a(lib_a-strlen.o)
 .ARM.attributes
                0x0000000000000c6d       0x34 /usr/bin/../lib/gcc/arm-none-eabi/7.3.1/../../../../arm-none-eabi/lib/thumb/v7e-m/fpv4-sp/hard/libc.a(lib_a-vfprintf.o)
 .ARM.attributes
                0x0000000000000ca1       0x34 /usr/bin/../lib/gcc/arm-none-eabi/7.3.1/../../../../arm-none-eabi/lib/thumb/v7e-m/fpv4-sp/hard/libc.a(lib_a-wctomb_r.o)
 .ARM.attributes
                0x0000000000000cd5       0x34 /usr/bin/../lib/gcc/arm-none-eabi/7.3.1/../../../../arm-none-eabi/lib/thumb/v7e-m/fpv4-sp/hard/libc.a(lib_a-wsetup.o)
 .ARM.attributes
                0x0000000000000d09       0x34 /usr/bin/../lib/gcc/arm-none-eabi/7.3.1/../../../../arm-none-eabi/lib/thumb/v7e-m/fpv4-sp/hard/libc.a(lib_a-__call_atexit.o)
 .ARM.attributes
                0x0000000000000d3d       0x34 /usr/bin/../lib/gcc/arm-none-eabi/7.3.1/../../../../arm-none-eabi/lib/thumb/v7e-m/fpv4-sp/hard/libc.a(lib_a-atexit.o)
 .ARM.attributes